<html>
<body>
<pre>
<h1>礦ision Build Log</h1>
<h2>Tool Versions:</h2>
IDE-Version: μVision V5.18.0.0
Copyright (C) 2016 ARM Ltd and ARM Germany GmbH. All rights reserved.
License Information: 123 123, 123, LIC=VGXG8-38NQ4-9U44U-SC1RK-TY5S7-3RVRN
 
Tool Versions:
Toolchain:       MDK-ARM Standard  Version: 5.18
Toolchain Path:  D:\Keil_v5\ARM\ARMCC\Bin
C Compiler:      Armcc.exe V5.06 update 1 (build 61)
Assembler:       Armasm.exe V5.06 update 1 (build 61)
Linker/Locator:  ArmLink.exe V5.06 update 1 (build 61)
Library Manager: ArmAr.exe V5.06 update 1 (build 61)
Hex Converter:   FromElf.exe V5.06 update 1 (build 61)
CPU DLL:         SARMCM3.DLL V5.18
Dialog DLL:      DARMSTM.DLL V1.65.0.0
Target DLL:      STLink\ST-LINKIII-KEIL_SWO.dll V2.0.18.0
Dialog DLL:      TARMSTM.DLL V1.64.0.0
 
<h2>Project:</h2>
E:\STM32Project\原子新战舰littleVGL模板-横屏-lv-task\USER\template.uvprojx
Project File Date:  04/25/2022

<h2>Output:</h2>
*** Using Compiler 'V5.06 update 1 (build 61)', folder: 'D:\Keil_v5\ARM\ARMCC\Bin'
Build target 'TEMPLATE'
compiling led.c...
compiling 24cxx.c...
compiling myiic.c...
compiling key.c...
compiling spi.c...
compiling system_stm32f10x.c...
compiling stm32f10x_it.c...
compiling w25qxx.c...
compiling touch.c...
compiling main.c...
compiling lcd.c...
compiling ctiic.c...
compiling ott2001a.c...
compiling ft5206.c...
compiling beep.c...
compiling sram.c...
compiling delay.c...
compiling gt9147.c...
compiling core_cm3.c...
compiling usart.c...
compiling sys.c...
compiling timer.c...
compiling lv_disp.c...
compiling misc.c...
compiling lv_group.c...
compiling stm32f10x_fsmc.c...
compiling lv_indev.c...
compiling stm32f10x_gpio.c...
compiling stm32f10x_rcc.c...
compiling lv_obj.c...
compiling stm32f10x_usart.c...
compiling stm32f10x_spi.c...
compiling lv_refr.c...
compiling lv_draw.c...
compiling stm32f10x_tim.c...
compiling lv_style.c...
compiling lv_draw_arc.c...
compiling lv_draw_basic.c...
compiling lv_draw_img.c...
compiling lv_draw_label.c...
compiling lv_img_cache.c...
compiling lv_font.c...
compiling lv_draw_triangle.c...
compiling lv_font_fmt_txt.c...
compiling lv_img_decoder.c...
compiling lv_draw_line.c...
compiling lv_font_roboto_12.c...
compiling lv_draw_rect.c...
compiling lv_hal_tick.c...
compiling lv_hal_disp.c...
compiling lv_font_roboto_22.c...
compiling lv_area.c...
compiling lv_font_roboto_16.c...
compiling lv_hal_indev.c...
compiling lv_font_roboto_28.c...
compiling lv_anim.c...
compiling lv_font_unscii_8.c...
compiling lv_async.c...
compiling lv_circ.c...
compiling lv_color.c...
compiling lv_fs.c...
compiling lv_log.c...
compiling lv_ll.c...
compiling lv_gc.c...
compiling lv_templ.c...
compiling lv_math.c...
compiling lv_mem.c...
compiling lv_task.c...
compiling lv_utils.c...
compiling lv_txt.c...
compiling lv_arc.c...
compiling lv_bar.c...
compiling lv_btn.c...
compiling lv_cb.c...
compiling lv_btnm.c...
compiling lv_canvas.c...
compiling lv_cont.c...
compiling lv_calendar.c...
compiling lv_gauge.c...
compiling lv_ddlist.c...
compiling lv_img.c...
compiling lv_chart.c...
compiling lv_imgbtn.c...
compiling lv_kb.c...
compiling lv_objx_templ.c...
compiling lv_label.c...
compiling lv_led.c...
compiling lv_line.c...
compiling lv_lmeter.c...
compiling lv_preload.c...
compiling lv_mbox.c...
compiling lv_list.c...
compiling lv_roller.c...
compiling lv_slider.c...
compiling lv_page.c...
compiling lv_sw.c...
compiling lv_spinbox.c...
compiling lv_theme.c...
compiling lv_theme_alien.c...
compiling lv_theme_default.c...
compiling lv_tileview.c...
compiling lv_theme_material.c...
compiling lv_win.c...
compiling lv_table.c...
compiling lv_ta.c...
compiling lv_tabview.c...
compiling lv_theme_nemo.c...
compiling lv_theme_mono.c...
compiling lv_theme_templ.c...
compiling lv_theme_zen.c...
compiling lv_theme_night.c...
compiling weixin_img.c...
compiling logo_img.c...
compiling date_img.c...
compiling lv_port_indev.c...
compiling lv_port_disp.c...
compiling gauge_img.c...
compiling login_win.c...
compiling gui_app.c...
compiling chart_img.c...
compiling main_win.c...
compiling progress_img.c...
compiling my_font.c...
compiling demo.c...
compiling calendar_win.c...
compiling gauge_win.c...
compiling chart_win.c...
compiling task_test.c...
compiling img_bubble_pattern.c...
compiling progress_win.c...
linking...
Program Size: Code=86658 RO-data=18822 RW-data=364 ZI-data=788164  
FromELF: creating hex file...
"..\OBJ\template.axf" - 0 Error(s), 0 Warning(s).

<h2>Collection of Component include folders:</h2>
  E:\STM32Project\原子新战舰littleVGL模板-横屏-lv-task\USER\RTE
  D:\Keil_v5\ARM\PACK\Keil\STM32F1xx_DFP\2.2.0\Device\Include

<h2>Collection of Component Files used:</h2>
Build Time Elapsed:  00:00:11
</pre>
</body>
</html>
