Component: ARM Compiler 5.06 update 1 (build 61) Tool: armlink [4d35a8]

==============================================================================

Section Cross References

    main.o(.text) refers to delay.o(.text) for delay_init
    main.o(.text) refers to misc.o(.text) for NVIC_PriorityGroupConfig
    main.o(.text) refers to usart.o(.text) for uart_init
    main.o(.text) refers to led.o(.text) for LED_Init
    main.o(.text) refers to key.o(.text) for KEY_Init
    main.o(.text) refers to beep.o(.text) for BEEP_Init
    main.o(.text) refers to timer.o(.text) for TIM3_Int_Init
    main.o(.text) refers to sram.o(.text) for FSMC_SRAM_Init
    main.o(.text) refers to lcd.o(.text) for LCD_Init
    main.o(.text) refers to lv_obj.o(.text) for lv_init
    main.o(.text) refers to lv_port_disp.o(.text) for lv_port_disp_init
    main.o(.text) refers to lv_port_indev.o(.text) for lv_port_indev_init
    main.o(.text) refers to test1.o(.text) for test_start
    main.o(.text) refers to lv_task.o(.text) for lv_task_handler
    main.o(.text) refers to touch.o(.data) for tp_dev
    system_stm32f10x.o(.text) refers to system_stm32f10x.o(.data) for SystemCoreClock
    led.o(.text) refers to stm32f10x_rcc.o(.text) for RCC_APB2PeriphClockCmd
    led.o(.text) refers to stm32f10x_gpio.o(.text) for GPIO_Init
    key.o(.text) refers to stm32f10x_rcc.o(.text) for RCC_APB2PeriphClockCmd
    key.o(.text) refers to stm32f10x_gpio.o(.text) for GPIO_Init
    key.o(.text) refers to delay.o(.text) for delay_ms
    key.o(.text) refers to key.o(.data) for key_up
    lcd.o(.text) refers to _printf_percent.o(.ARM.Collect$$_printf_percent$$00000000) for _printf_percent
    lcd.o(.text) refers to _printf_x.o(.ARM.Collect$$_printf_percent$$0000000C) for _printf_x
    lcd.o(.text) refers to _printf_hex_int.o(.text) for _printf_longlong_hex
    lcd.o(.text) refers to delay.o(.text) for delay_us
    lcd.o(.text) refers to lcd.o(.bss) for lcddev
    lcd.o(.text) refers to dflt_clz.o(x$fpl$dfltu) for __aeabi_ui2d
    lcd.o(.text) refers to dmul.o(x$fpl$dmul) for __aeabi_dmul
    lcd.o(.text) refers to dfixu.o(x$fpl$dfixu) for __aeabi_d2uiz
    lcd.o(.text) refers to lcd.o(.data) for POINT_COLOR
    lcd.o(.text) refers to stm32f10x_rcc.o(.text) for RCC_AHBPeriphClockCmd
    lcd.o(.text) refers to stm32f10x_gpio.o(.text) for GPIO_Init
    lcd.o(.text) refers to stm32f10x_fsmc.o(.text) for FSMC_NORSRAMInit
    lcd.o(.text) refers to noretval__2printf.o(.text) for __2printf
    lcd.o(.text) refers to lcd.o(.constdata) for asc2_1206
    myiic.o(.text) refers to stm32f10x_rcc.o(.text) for RCC_APB2PeriphClockCmd
    myiic.o(.text) refers to stm32f10x_gpio.o(.text) for GPIO_Init
    myiic.o(.text) refers to delay.o(.text) for delay_us
    24cxx.o(.text) refers to myiic.o(.text) for IIC_Init
    24cxx.o(.text) refers to delay.o(.text) for delay_ms
    spi.o(.text) refers to stm32f10x_spi.o(.text) for SPI_I2S_GetFlagStatus
    spi.o(.text) refers to stm32f10x_rcc.o(.text) for RCC_APB2PeriphClockCmd
    spi.o(.text) refers to stm32f10x_gpio.o(.text) for GPIO_Init
    w25qxx.o(.text) refers to _printf_percent.o(.ARM.Collect$$_printf_percent$$00000000) for _printf_percent
    w25qxx.o(.text) refers to _printf_x.o(.ARM.Collect$$_printf_percent$$0000000C) for _printf_x
    w25qxx.o(.text) refers to _printf_hex_int.o(.text) for _printf_longlong_hex
    w25qxx.o(.text) refers to spi.o(.text) for SPI2_ReadWriteByte
    w25qxx.o(.text) refers to stm32f10x_rcc.o(.text) for RCC_APB2PeriphClockCmd
    w25qxx.o(.text) refers to stm32f10x_gpio.o(.text) for GPIO_Init
    w25qxx.o(.text) refers to noretval__2printf.o(.text) for __2printf
    w25qxx.o(.text) refers to delay.o(.text) for delay_us
    w25qxx.o(.text) refers to w25qxx.o(.data) for W25QXX_TYPE
    w25qxx.o(.text) refers to w25qxx.o(.bss) for W25QXX_BUFFER
    touch.o(.text) refers to delay.o(.text) for delay_us
    touch.o(.text) refers to lcd.o(.text) for LCD_DrawLine
    touch.o(.text) refers to fflt_clz.o(x$fpl$fflt) for __aeabi_i2f
    touch.o(.text) refers to fflt_clz.o(x$fpl$ffltu) for __aeabi_ui2f
    touch.o(.text) refers to fmul.o(x$fpl$fmul) for __aeabi_fmul
    touch.o(.text) refers to faddsub_clz.o(x$fpl$fadd) for __aeabi_fadd
    touch.o(.text) refers to ffixu.o(x$fpl$ffixu) for __aeabi_f2uiz
    touch.o(.text) refers to 24cxx.o(.text) for AT24CXX_Write
    touch.o(.text) refers to touch.o(.data) for CMD_RDX
    touch.o(.text) refers to lcd.o(.data) for POINT_COLOR
    touch.o(.text) refers to dflt_clz.o(x$fpl$dfltu) for __aeabi_ui2d
    touch.o(.text) refers to sqrt.o(i.sqrt) for sqrt
    touch.o(.text) refers to dfixu.o(x$fpl$dfixu) for __aeabi_d2uiz
    touch.o(.text) refers to fdiv.o(x$fpl$fdiv) for __aeabi_fdiv
    touch.o(.text) refers to f2d.o(x$fpl$f2d) for __aeabi_f2d
    touch.o(.text) refers to dleqf.o(x$fpl$dleqf) for __aeabi_cdcmple
    touch.o(.text) refers to drleqf.o(x$fpl$drleqf) for __aeabi_cdrcmple
    touch.o(.text) refers to lcd.o(.bss) for lcddev
[...]
    GPIO_Init                                0x0800693d   Thumb Code   278  stm32f10x_gpio.o(.text)
    GPIO_StructInit                          0x08006a53   Thumb Code    16  stm32f10x_gpio.o(.text)
    GPIO_ReadInputDataBit                    0x08006a63   Thumb Code    18  stm32f10x_gpio.o(.text)
    GPIO_ReadInputData                       0x08006a75   Thumb Code     8  stm32f10x_gpio.o(.text)
    GPIO_ReadOutputDataBit                   0x08006a7d   Thumb Code    18  stm32f10x_gpio.o(.text)
    GPIO_ReadOutputData                      0x08006a8f   Thumb Code     8  stm32f10x_gpio.o(.text)
    GPIO_SetBits                             0x08006a97   Thumb Code     4  stm32f10x_gpio.o(.text)
    GPIO_ResetBits                           0x08006a9b   Thumb Code     4  stm32f10x_gpio.o(.text)
    GPIO_WriteBit                            0x08006a9f   Thumb Code    10  stm32f10x_gpio.o(.text)
    GPIO_Write                               0x08006aa9   Thumb Code     4  stm32f10x_gpio.o(.text)
    GPIO_PinLockConfig                       0x08006aad   Thumb Code    18  stm32f10x_gpio.o(.text)
    GPIO_EventOutputConfig                   0x08006abf   Thumb Code    26  stm32f10x_gpio.o(.text)
    GPIO_EventOutputCmd                      0x08006ad9   Thumb Code     6  stm32f10x_gpio.o(.text)
    GPIO_PinRemapConfig                      0x08006adf   Thumb Code   138  stm32f10x_gpio.o(.text)
    GPIO_EXTILineConfig                      0x08006b69   Thumb Code    66  stm32f10x_gpio.o(.text)
    GPIO_ETH_MediaInterfaceConfig            0x08006bab   Thumb Code     8  stm32f10x_gpio.o(.text)
    RCC_DeInit                               0x08006bd9   Thumb Code    64  stm32f10x_rcc.o(.text)
    RCC_HSEConfig                            0x08006c19   Thumb Code    70  stm32f10x_rcc.o(.text)
    RCC_GetFlagStatus                        0x08006c5f   Thumb Code    56  stm32f10x_rcc.o(.text)
    RCC_WaitForHSEStartUp                    0x08006c97   Thumb Code    56  stm32f10x_rcc.o(.text)
    RCC_AdjustHSICalibrationValue            0x08006ccf   Thumb Code    20  stm32f10x_rcc.o(.text)
    RCC_HSICmd                               0x08006ce3   Thumb Code     6  stm32f10x_rcc.o(.text)
    RCC_PLLConfig                            0x08006ce9   Thumb Code    24  stm32f10x_rcc.o(.text)
    RCC_PLLCmd                               0x08006d01   Thumb Code     6  stm32f10x_rcc.o(.text)
    RCC_SYSCLKConfig                         0x08006d07   Thumb Code    18  stm32f10x_rcc.o(.text)
    RCC_GetSYSCLKSource                      0x08006d19   Thumb Code    10  stm32f10x_rcc.o(.text)
    RCC_HCLKConfig                           0x08006d23   Thumb Code    18  stm32f10x_rcc.o(.text)
    RCC_PCLK1Config                          0x08006d35   Thumb Code    18  stm32f10x_rcc.o(.text)
    RCC_PCLK2Config                          0x08006d47   Thumb Code    20  stm32f10x_rcc.o(.text)
    RCC_ITConfig                             0x08006d5b   Thumb Code    26  stm32f10x_rcc.o(.text)
    RCC_USBCLKConfig                         0x08006d75   Thumb Code     8  stm32f10x_rcc.o(.text)
    RCC_ADCCLKConfig                         0x08006d7d   Thumb Code    18  stm32f10x_rcc.o(.text)
    RCC_LSEConfig                            0x08006d8f   Thumb Code    50  stm32f10x_rcc.o(.text)
    RCC_LSICmd                               0x08006dc1   Thumb Code     6  stm32f10x_rcc.o(.text)
    RCC_RTCCLKConfig                         0x08006dc7   Thumb Code    12  stm32f10x_rcc.o(.text)
    RCC_RTCCLKCmd                            0x08006dd3   Thumb Code     8  stm32f10x_rcc.o(.text)
    RCC_GetClocksFreq                        0x08006ddb   Thumb Code   192  stm32f10x_rcc.o(.text)
    RCC_AHBPeriphClockCmd                    0x08006e9b   Thumb Code    26  stm32f10x_rcc.o(.text)
    RCC_APB2PeriphClockCmd                   0x08006eb5   Thumb Code    26  stm32f10x_rcc.o(.text)
    RCC_APB1PeriphClockCmd                   0x08006ecf   Thumb Code    26  stm32f10x_rcc.o(.text)
    RCC_APB2PeriphResetCmd                   0x08006ee9   Thumb Code    26  stm32f10x_rcc.o(.text)
    RCC_APB1PeriphResetCmd                   0x08006f03   Thumb Code    26  stm32f10x_rcc.o(.text)
    RCC_BackupResetCmd                       0x08006f1d   Thumb Code     8  stm32f10x_rcc.o(.text)
    RCC_ClockSecuritySystemCmd               0x08006f25   Thumb Code     6  stm32f10x_rcc.o(.text)
    RCC_MCOConfig                            0x08006f2b   Thumb Code     6  stm32f10x_rcc.o(.text)
    RCC_ClearFlag                            0x08006f31   Thumb Code    14  stm32f10x_rcc.o(.text)
    RCC_GetITStatus                          0x08006f3f   Thumb Code    20  stm32f10x_rcc.o(.text)
    RCC_ClearITPendingBit                    0x08006f53   Thumb Code     6  stm32f10x_rcc.o(.text)
    USART_DeInit                             0x08006f7d   Thumb Code   134  stm32f10x_usart.o(.text)
    USART_Init                               0x08007003   Thumb Code   210  stm32f10x_usart.o(.text)
    USART_StructInit                         0x080070d5   Thumb Code    24  stm32f10x_usart.o(.text)
    USART_ClockInit                          0x080070ed   Thumb Code    34  stm32f10x_usart.o(.text)
    USART_ClockStructInit                    0x0800710f   Thumb Code    12  stm32f10x_usart.o(.text)
    USART_Cmd                                0x0800711b   Thumb Code    24  stm32f10x_usart.o(.text)
    USART_ITConfig                           0x08007133   Thumb Code    74  stm32f10x_usart.o(.text)
    USART_DMACmd                             0x0800717d   Thumb Code    18  stm32f10x_usart.o(.text)
    USART_SetAddress                         0x0800718f   Thumb Code    18  stm32f10x_usart.o(.text)
    USART_WakeUpConfig                       0x080071a1   Thumb Code    18  stm32f10x_usart.o(.text)
    USART_ReceiverWakeUpCmd                  0x080071b3   Thumb Code    24  stm32f10x_usart.o(.text)
    USART_LINBreakDetectLengthConfig         0x080071cb   Thumb Code    18  stm32f10x_usart.o(.text)
    USART_LINCmd                             0x080071dd   Thumb Code    24  stm32f10x_usart.o(.text)
    USART_SendData                           0x080071f5   Thumb Code     8  stm32f10x_usart.o(.text)
    USART_ReceiveData                        0x080071fd   Thumb Code    10  stm32f10x_usart.o(.text)
    USART_SendBreak                          0x08007207   Thumb Code    10  stm32f10x_usart.o(.text)
    USART_SetGuardTime                       0x08007211   Thumb Code    16  stm32f10x_usart.o(.text)
    USART_SetPrescaler                       0x08007221   Thumb Code    16  stm32f10x_usart.o(.text)
    USART_SmartCardCmd                       0x08007231   Thumb Code    24  stm32f10x_usart.o(.text)
    USART_SmartCardNACKCmd                   0x08007249   Thumb Code    24  stm32f10x_usart.o(.text)
    USART_HalfDuplexCmd                      0x08007261   Thumb Code    24  stm32f10x_usart.o(.text)
    USART_OverSampling8Cmd                   0x08007279   Thumb Code    22  stm32f10x_usart.o(.text)
    USART_OneBitMethodCmd                    0x0800728f   Thumb Code    24  stm32f10x_usart.o(.text)
    USART_IrDAConfig                         0x080072a7   Thumb Code    18  stm32f10x_usart.o(.text)
    USART_IrDACmd                            0x080072b9   Thumb Code    24  stm32f10x_usart.o(.text)
    USART_GetFlagStatus                      0x080072d1   Thumb Code    26  stm32f10x_usart.o(.text)
    USART_ClearFlag                          0x080072eb   Thumb Code    18  stm32f10x_usart.o(.text)
    USART_GetITStatus                        0x080072fd   Thumb Code    84  stm32f10x_usart.o(.text)
    USART_ClearITPendingBit                  0x08007351   Thumb Code    52  stm32f10x_usart.o(.text)
    TIM_DeInit                               0x08007385   Thumb Code   424  stm32f10x_tim.o(.text)
    TIM_TimeBaseInit                         0x0800752d   Thumb Code   122  stm32f10x_tim.o(.text)
    TIM_OC1Init                              0x080075a7   Thumb Code   132  stm32f10x_tim.o(.text)
    TIM_OC2Init                              0x0800762b   Thumb Code   154  stm32f10x_tim.o(.text)
    TIM_OC3Init                              0x080076c5   Thumb Code   150  stm32f10x_tim.o(.text)
    TIM_OC4Init                              0x0800775b   Thumb Code   182  stm32f10x_tim.o(.text)
    TIM_SetIC4Prescaler                      0x08007811   Thumb Code    26  stm32f10x_tim.o(.text)
    TIM_SetIC3Prescaler                      0x080078ad   Thumb Code    18  stm32f10x_tim.o(.text)
    TIM_SetIC2Prescaler                      0x08007939   Thumb Code    26  stm32f10x_tim.o(.text)
    TIM_SetIC1Prescaler                      0x080079d5   Thumb Code    18  stm32f10x_tim.o(.text)
    TIM_ICInit                               0x08007a53   Thumb Code   150  stm32f10x_tim.o(.text)
    TIM_PWMIConfig                           0x08007ae9   Thumb Code   124  stm32f10x_tim.o(.text)
    TIM_BDTRConfig                           0x08007b65   Thumb Code    32  stm32f10x_tim.o(.text)
    TIM_TimeBaseStructInit                   0x08007b85   Thumb Code    18  stm32f10x_tim.o(.text)
    TIM_OCStructInit                         0x08007b97   Thumb Code    20  stm32f10x_tim.o(.text)
    TIM_ICStructInit                         0x08007bab   Thumb Code    18  stm32f10x_tim.o(.text)
    TIM_BDTRStructInit                       0x08007bbd   Thumb Code    40  stm32f10x_tim.o(.text)
    TIM_Cmd                                  0x08007be5   Thumb Code    24  stm32f10x_tim.o(.text)
    TIM_CtrlPWMOutputs                       0x08007bfd   Thumb Code    30  stm32f10x_tim.o(.text)
    TIM_ITConfig                             0x08007c1b   Thumb Code    18  stm32f10x_tim.o(.text)
    TIM_GenerateEvent                        0x08007c2d   Thumb Code     4  stm32f10x_tim.o(.text)
    TIM_DMAConfig                            0x08007c31   Thumb Code    10  stm32f10x_tim.o(.text)
    TIM_DMACmd                               0x08007c3b   Thumb Code    18  stm32f10x_tim.o(.text)
    TIM_InternalClockConfig                  0x08007c4d   Thumb Code    12  stm32f10x_tim.o(.text)
    TIM_SelectInputTrigger                   0x08007c59   Thumb Code    18  stm32f10x_tim.o(.text)
    TIM_ITRxExternalClockConfig              0x08007c6b   Thumb Code    24  stm32f10x_tim.o(.text)
    TIM_TIxExternalClockConfig               0x08007c83   Thumb Code    62  stm32f10x_tim.o(.text)
    TIM_ETRConfig                            0x08007cc1   Thumb Code    28  stm32f10x_tim.o(.text)
    TIM_ETRClockMode1Config                  0x08007cdd   Thumb Code    54  stm32f10x_tim.o(.text)
    TIM_ETRClockMode2Config                  0x08007d13   Thumb Code    32  stm32f10x_tim.o(.text)
    TIM_PrescalerConfig                      0x08007d33   Thumb Code     6  stm32f10x_tim.o(.text)
    TIM_CounterModeConfig                    0x08007d39   Thumb Code    18  stm32f10x_tim.o(.text)
    TIM_EncoderInterfaceConfig               0x08007d4b   Thumb Code    66  stm32f10x_tim.o(.text)
    TIM_ForcedOC1Config                      0x08007d8d   Thumb Code    18  stm32f10x_tim.o(.text)
    TIM_ForcedOC2Config                      0x08007d9f   Thumb Code    26  stm32f10x_tim.o(.text)
    TIM_ForcedOC3Config                      0x08007db9   Thumb Code    18  stm32f10x_tim.o(.text)
    TIM_ForcedOC4Config                      0x08007dcb   Thumb Code    26  stm32f10x_tim.o(.text)
    TIM_ARRPreloadConfig                     0x08007de5   Thumb Code    24  stm32f10x_tim.o(.text)
    TIM_SelectCOM                            0x08007dfd   Thumb Code    24  stm32f10x_tim.o(.text)
    TIM_SelectCCDMA                          0x08007e15   Thumb Code    24  stm32f10x_tim.o(.text)
    TIM_CCPreloadControl                     0x08007e2d   Thumb Code    24  stm32f10x_tim.o(.text)
    TIM_OC1PreloadConfig                     0x08007e45   Thumb Code    18  stm32f10x_tim.o(.text)
    TIM_OC2PreloadConfig                     0x08007e57   Thumb Code    26  stm32f10x_tim.o(.text)
    TIM_OC3PreloadConfig                     0x08007e71   Thumb Code    18  stm32f10x_tim.o(.text)
    TIM_OC4PreloadConfig                     0x08007e83   Thumb Code    26  stm32f10x_tim.o(.text)
    TIM_OC1FastConfig                        0x08007e9d   Thumb Code    18  stm32f10x_tim.o(.text)
    TIM_OC2FastConfig                        0x08007eaf   Thumb Code    26  stm32f10x_tim.o(.text)
    TIM_OC3FastConfig                        0x08007ec9   Thumb Code    18  stm32f10x_tim.o(.text)
    TIM_OC4FastConfig                        0x08007edb   Thumb Code    26  stm32f10x_tim.o(.text)
    TIM_ClearOC1Ref                          0x08007ef5   Thumb Code    18  stm32f10x_tim.o(.text)
    TIM_ClearOC2Ref                          0x08007f07   Thumb Code    24  stm32f10x_tim.o(.text)
    TIM_ClearOC3Ref                          0x08007f1f   Thumb Code    18  stm32f10x_tim.o(.text)
    TIM_ClearOC4Ref                          0x08007f31   Thumb Code    24  stm32f10x_tim.o(.text)
    TIM_OC1PolarityConfig                    0x08007f49   Thumb Code    18  stm32f10x_tim.o(.text)
    TIM_OC1NPolarityConfig                   0x08007f5b   Thumb Code    18  stm32f10x_tim.o(.text)
    TIM_OC2PolarityConfig                    0x08007f6d   Thumb Code    26  stm32f10x_tim.o(.text)
    TIM_OC2NPolarityConfig                   0x08007f87   Thumb Code    26  stm32f10x_tim.o(.text)
    TIM_OC3PolarityConfig                    0x08007fa1   Thumb Code    26  stm32f10x_tim.o(.text)
    TIM_OC3NPolarityConfig                   0x08007fbb   Thumb Code    26  stm32f10x_tim.o(.text)
    TIM_OC4PolarityConfig                    0x08007fd5   Thumb Code    26  stm32f10x_tim.o(.text)
    TIM_CCxCmd                               0x08007fef   Thumb Code    30  stm32f10x_tim.o(.text)
    TIM_CCxNCmd                              0x0800800d   Thumb Code    30  stm32f10x_tim.o(.text)
    TIM_SelectOCxM                           0x0800802b   Thumb Code    82  stm32f10x_tim.o(.text)
    TIM_UpdateDisableConfig                  0x0800807d   Thumb Code    24  stm32f10x_tim.o(.text)
    TIM_UpdateRequestConfig                  0x08008095   Thumb Code    24  stm32f10x_tim.o(.text)
    TIM_SelectHallSensor                     0x080080ad   Thumb Code    24  stm32f10x_tim.o(.text)
    TIM_SelectOnePulseMode                   0x080080c5   Thumb Code    18  stm32f10x_tim.o(.text)
    TIM_SelectOutputTrigger                  0x080080d7   Thumb Code    18  stm32f10x_tim.o(.text)
    TIM_SelectSlaveMode                      0x080080e9   Thumb Code    18  stm32f10x_tim.o(.text)
    TIM_SelectMasterSlaveMode                0x080080fb   Thumb Code    18  stm32f10x_tim.o(.text)
    TIM_SetCounter                           0x0800810d   Thumb Code     4  stm32f10x_tim.o(.text)
    TIM_SetAutoreload                        0x08008111   Thumb Code     4  stm32f10x_tim.o(.text)
    TIM_SetCompare1                          0x08008115   Thumb Code     4  stm32f10x_tim.o(.text)
    TIM_SetCompare2                          0x08008119   Thumb Code     4  stm32f10x_tim.o(.text)
    TIM_SetCompare3                          0x0800811d   Thumb Code     4  stm32f10x_tim.o(.text)
    TIM_SetCompare4                          0x08008121   Thumb Code     6  stm32f10x_tim.o(.text)
    TIM_SetClockDivision                     0x08008127   Thumb Code    18  stm32f10x_tim.o(.text)
    TIM_GetCapture1                          0x08008139   Thumb Code     6  stm32f10x_tim.o(.text)
    TIM_GetCapture2                          0x0800813f   Thumb Code     6  stm32f10x_tim.o(.text)
    TIM_GetCapture3                          0x08008145   Thumb Code     6  stm32f10x_tim.o(.text)
    TIM_GetCapture4                          0x0800814b   Thumb Code     8  stm32f10x_tim.o(.text)
    TIM_GetCounter                           0x08008153   Thumb Code     6  stm32f10x_tim.o(.text)
    TIM_GetPrescaler                         0x08008159   Thumb Code     6  stm32f10x_tim.o(.text)
    TIM_GetFlagStatus                        0x0800815f   Thumb Code    18  stm32f10x_tim.o(.text)
    TIM_ClearFlag                            0x08008171   Thumb Code     6  stm32f10x_tim.o(.text)
    TIM_GetITStatus                          0x08008177   Thumb Code    34  stm32f10x_tim.o(.text)
    TIM_ClearITPendingBit                    0x08008199   Thumb Code     6  stm32f10x_tim.o(.text)
    lv_disp_get_scr_act                      0x0800819f   Thumb Code    22  lv_disp.o(.text)
    lv_disp_load_scr                         0x080081b5   Thumb Code    22  lv_disp.o(.text)
    lv_disp_get_layer_top                    0x080081cb   Thumb Code    22  lv_disp.o(.text)
    lv_disp_get_layer_sys                    0x080081e1   Thumb Code    22  lv_disp.o(.text)
    lv_disp_assign_screen                    0x080081f7   Thumb Code    50  lv_disp.o(.text)
    lv_disp_get_refr_task                    0x08008229   Thumb Code    22  lv_disp.o(.text)
    lv_disp_get_inactive_time                0x0800823f   Thumb Code    86  lv_disp.o(.text)
    lv_disp_trig_activity                    0x08008295   Thumb Code    28  lv_disp.o(.text)
    lv_group_init                            0x0800832d   Thumb Code    12  lv_group.o(.text)
    lv_group_create                          0x080084d7   Thumb Code   110  lv_group.o(.text)
    lv_group_del                             0x08008545   Thumb Code    80  lv_group.o(.text)
    lv_group_focus_prev                      0x080086b7   Thumb Code    16  lv_group.o(.text)
    lv_group_focus_next                      0x080086c7   Thumb Code    16  lv_group.o(.text)
    lv_group_add_obj                         0x0800873d   Thumb Code   106  lv_group.o(.text)
    lv_group_remove_obj                      0x080087a7   Thumb Code   136  lv_group.o(.text)
    lv_group_remove_all_objs                 0x0800882f   Thumb Code    70  lv_group.o(.text)
    lv_group_get_focused                     0x08008875   Thumb Code    22  lv_group.o(.text)
    lv_group_set_editing                     0x0800888b   Thumb Code    92  lv_group.o(.text)
    lv_group_focus_obj                       0x080088e7   Thumb Code   188  lv_group.o(.text)
    lv_group_focus_freeze                    0x080089a3   Thumb Code    32  lv_group.o(.text)
    lv_group_send_data                       0x080089c3   Thumb Code    62  lv_group.o(.text)
    lv_group_set_style_mod_cb                0x08008a01   Thumb Code    22  lv_group.o(.text)
    lv_group_set_style_mod_edit_cb           0x08008a17   Thumb Code    22  lv_group.o(.text)
    lv_group_set_focus_cb                    0x08008a2d   Thumb Code     4  lv_group.o(.text)
    lv_group_set_click_focus                 0x08008a31   Thumb Code    14  lv_group.o(.text)
    lv_group_set_refocus_policy              0x08008a3f   Thumb Code    14  lv_group.o(.text)
    lv_group_set_wrap                        0x08008a4d   Thumb Code    14  lv_group.o(.text)
    lv_group_mod_style                       0x08008a5b   Thumb Code    62  lv_group.o(.text)
    lv_group_get_style_mod_cb                0x08008a99   Thumb Code    12  lv_group.o(.text)
    lv_group_get_style_mod_edit_cb           0x08008aa5   Thumb Code    12  lv_group.o(.text)
    lv_group_get_focus_cb                    0x08008ab1   Thumb Code    12  lv_group.o(.text)
    lv_group_get_editing                     0x08008abd   Thumb Code    18  lv_group.o(.text)
    lv_group_get_click_focus                 0x08008acf   Thumb Code    18  lv_group.o(.text)
    lv_group_get_wrap                        0x08008ae1   Thumb Code    18  lv_group.o(.text)
    lv_group_report_style_mod                0x08008af3   Thumb Code    58  lv_group.o(.text)
    lv_indev_reset                           0x08008b31   Thumb Code    62  lv_indev.o(.text)
    lv_indev_init                            0x08008b6f   Thumb Code    10  lv_indev.o(.text)
    lv_indev_read_task                       0x08009d2b   Thumb Code   250  lv_indev.o(.text)
    lv_indev_get_act                         0x08009e25   Thumb Code     6  lv_indev.o(.text)
    lv_indev_get_type                        0x08009e2b   Thumb Code    12  lv_indev.o(.text)
    lv_indev_reset_long_press                0x08009e37   Thumb Code    30  lv_indev.o(.text)
    lv_indev_enable                          0x08009e55   Thumb Code    22  lv_indev.o(.text)
    lv_indev_set_cursor                      0x08009e6b   Thumb Code    50  lv_indev.o(.text)
    lv_indev_set_group                       0x08009e9d   Thumb Code    16  lv_indev.o(.text)
    lv_indev_set_button_points               0x08009ead   Thumb Code    10  lv_indev.o(.text)
    lv_indev_get_point                       0x08009eb7   Thumb Code    32  lv_indev.o(.text)
    lv_indev_get_key                         0x08009ed7   Thumb Code    16  lv_indev.o(.text)
    lv_indev_is_dragging                     0x08009ee7   Thumb Code    34  lv_indev.o(.text)
    lv_indev_get_vect                        0x08009f09   Thumb Code    42  lv_indev.o(.text)
    lv_indev_wait_release                    0x08009f33   Thumb Code    16  lv_indev.o(.text)
    lv_indev_get_read_task                   0x08009f43   Thumb Code    12  lv_indev.o(.text)
    lv_indev_get_obj_act                     0x08009f4f   Thumb Code     6  lv_indev.o(.text)
    lv_init                                  0x08009f5d   Thumb Code    76  lv_obj.o(.text)
    lv_obj_get_parent                        0x08009fa9   Thumb Code     6  lv_obj.o(.text)
    lv_obj_get_hidden                        0x08009faf   Thumb Code    12  lv_obj.o(.text)
    lv_obj_get_screen                        0x08009fbb   Thumb Code    26  lv_obj.o(.text)
    lv_obj_get_disp                          0x08009fd5   Thumb Code    88  lv_obj.o(.text)
    lv_obj_invalidate                        0x0800a02d   Thumb Code   206  lv_obj.o(.text)
    lv_obj_get_coords                        0x0800a14b   Thumb Code    18  lv_obj.o(.text)
    lv_obj_set_pos                           0x0800a15d   Thumb Code   162  lv_obj.o(.text)
    lv_obj_get_y                             0x0800a1ff   Thumb Code    24  lv_obj.o(.text)
    lv_obj_get_x                             0x0800a217   Thumb Code    24  lv_obj.o(.text)
    lv_obj_get_opa_scale                     0x0800a22f   Thumb Code    40  lv_obj.o(.text)
    lv_obj_get_group                         0x0800a257   Thumb Code     6  lv_obj.o(.text)
    lv_obj_get_style                         0x0800a25d   Thumb Code   108  lv_obj.o(.text)
    lv_obj_set_design_cb                     0x0800a3a3   Thumb Code     4  lv_obj.o(.text)
    lv_obj_refresh_ext_draw_pad              0x0800a3a7   Thumb Code    26  lv_obj.o(.text)
    lv_obj_is_protected                      0x0800a3c1   Thumb Code    18  lv_obj.o(.text)
    lv_obj_set_signal_cb                     0x0800a431   Thumb Code     4  lv_obj.o(.text)
    lv_obj_create                            0x0800a435   Thumb Code   740  lv_obj.o(.text)
    lv_event_send_func                       0x0800a733   Thumb Code   146  lv_obj.o(.text)
    lv_event_send                            0x0800a7c5   Thumb Code    36  lv_obj.o(.text)
    lv_obj_del                               0x0800a8d1   Thumb Code   240  lv_obj.o(.text)
    lv_obj_del_async                         0x0800a9cd   Thumb Code    14  lv_obj.o(.text)
    lv_obj_get_child                         0x0800a9db   Thumb Code    34  lv_obj.o(.text)
    lv_obj_clean                             0x0800a9fd   Thumb Code    40  lv_obj.o(.text)
    lv_obj_set_parent                        0x0800aa25   Thumb Code   104  lv_obj.o(.text)
    lv_obj_move_foreground                   0x0800aa8d   Thumb Code    62  lv_obj.o(.text)
    lv_obj_move_background                   0x0800aacb   Thumb Code    62  lv_obj.o(.text)
    lv_obj_set_x                             0x0800ab09   Thumb Code    26  lv_obj.o(.text)
    lv_obj_set_y                             0x0800ab23   Thumb Code    26  lv_obj.o(.text)
    lv_obj_get_height                        0x0800ab3d   Thumb Code    16  lv_obj.o(.text)
    lv_obj_get_width                         0x0800ab4d   Thumb Code    16  lv_obj.o(.text)
    lv_obj_align                             0x0800ab5d   Thumb Code   952  lv_obj.o(.text)
    lv_obj_align_origo                       0x0800af15   Thumb Code   760  lv_obj.o(.text)
    lv_obj_realign                           0x0800b20d   Thumb Code    62  lv_obj.o(.text)
    lv_obj_set_size                          0x0800b24b   Thumb Code   158  lv_obj.o(.text)
    lv_obj_set_width                         0x0800b2e9   Thumb Code    26  lv_obj.o(.text)
    lv_obj_set_height                        0x0800b303   Thumb Code    26  lv_obj.o(.text)
    lv_obj_set_auto_realign                  0x0800b31d   Thumb Code    14  lv_obj.o(.text)
    lv_obj_set_ext_click_area                0x0800b32b   Thumb Code     6  lv_obj.o(.text)
    lv_obj_refresh_style                     0x0800b331   Thumb Code    28  lv_obj.o(.text)
    lv_obj_set_style                         0x0800b38f   Thumb Code    22  lv_obj.o(.text)
    lv_obj_report_style_mod                  0x0800b3e1   Thumb Code    80  lv_obj.o(.text)
    lv_obj_set_hidden                        0x0800b431   Thumb Code    68  lv_obj.o(.text)
    lv_obj_set_click                         0x0800b475   Thumb Code    18  lv_obj.o(.text)
    lv_obj_set_top                           0x0800b487   Thumb Code    18  lv_obj.o(.text)
    lv_obj_set_drag                          0x0800b499   Thumb Code    34  lv_obj.o(.text)
    lv_obj_set_drag_dir                      0x0800b4bb   Thumb Code    36  lv_obj.o(.text)
    lv_obj_set_drag_throw                    0x0800b4df   Thumb Code    18  lv_obj.o(.text)
    lv_obj_set_drag_parent                   0x0800b4f1   Thumb Code    18  lv_obj.o(.text)
    lv_obj_set_parent_event                  0x0800b503   Thumb Code    18  lv_obj.o(.text)
    lv_obj_set_opa_scale_enable              0x0800b515   Thumb Code    14  lv_obj.o(.text)
    lv_obj_set_opa_scale                     0x0800b523   Thumb Code    18  lv_obj.o(.text)
    lv_obj_set_protect                       0x0800b535   Thumb Code    12  lv_obj.o(.text)
    lv_obj_clear_protect                     0x0800b541   Thumb Code    16  lv_obj.o(.text)
    lv_obj_set_event_cb                      0x0800b551   Thumb Code     4  lv_obj.o(.text)
    lv_event_get_data                        0x0800b555   Thumb Code     6  lv_obj.o(.text)
    lv_signal_send                           0x0800b55b   Thumb Code    24  lv_obj.o(.text)
    lv_obj_allocate_ext_attr                 0x0800b573   Thumb Code    20  lv_obj.o(.text)
    lv_obj_get_child_back                    0x0800b587   Thumb Code    34  lv_obj.o(.text)
    lv_obj_count_children                    0x0800b5a9   Thumb Code    38  lv_obj.o(.text)
    lv_obj_count_children_recursive          0x0800b5cf   Thumb Code    48  lv_obj.o(.text)
    lv_obj_get_inner_coords                  0x0800b5ff   Thumb Code    88  lv_obj.o(.text)
    lv_obj_get_width_fit                     0x0800b657   Thumb Code    32  lv_obj.o(.text)
    lv_obj_get_height_fit                    0x0800b677   Thumb Code    30  lv_obj.o(.text)
    lv_obj_get_auto_realign                  0x0800b695   Thumb Code    12  lv_obj.o(.text)
    lv_obj_get_ext_click_pad_left            0x0800b6a1   Thumb Code     6  lv_obj.o(.text)
    lv_obj_get_ext_click_pad_right           0x0800b6a7   Thumb Code     6  lv_obj.o(.text)
    lv_obj_get_ext_click_pad_top             0x0800b6ad   Thumb Code     6  lv_obj.o(.text)
    lv_obj_get_ext_click_pad_bottom          0x0800b6b3   Thumb Code     6  lv_obj.o(.text)
    lv_obj_get_ext_draw_pad                  0x0800b6b9   Thumb Code     8  lv_obj.o(.text)
    lv_obj_get_click                         0x0800b6c1   Thumb Code    12  lv_obj.o(.text)
    lv_obj_get_top                           0x0800b6cd   Thumb Code    12  lv_obj.o(.text)
    lv_obj_get_drag                          0x0800b6d9   Thumb Code    12  lv_obj.o(.text)
    lv_obj_get_drag_dir                      0x0800b6e5   Thumb Code    12  lv_obj.o(.text)
    lv_obj_get_drag_throw                    0x0800b6f1   Thumb Code    12  lv_obj.o(.text)
    lv_obj_get_drag_parent                   0x0800b6fd   Thumb Code    12  lv_obj.o(.text)
    lv_obj_get_parent_event                  0x0800b709   Thumb Code    10  lv_obj.o(.text)
    lv_obj_get_opa_scale_enable              0x0800b713   Thumb Code    12  lv_obj.o(.text)
    lv_obj_get_protect                       0x0800b71f   Thumb Code     8  lv_obj.o(.text)
    lv_obj_get_signal_cb                     0x0800b727   Thumb Code     6  lv_obj.o(.text)
    lv_obj_get_design_cb                     0x0800b72d   Thumb Code     6  lv_obj.o(.text)
    lv_obj_get_event_cb                      0x0800b733   Thumb Code     6  lv_obj.o(.text)
    lv_obj_get_ext_attr                      0x0800b739   Thumb Code     6  lv_obj.o(.text)
    lv_obj_get_type                          0x0800b73f   Thumb Code    88  lv_obj.o(.text)
    lv_obj_is_focused                        0x0800b797   Thumb Code    26  lv_obj.o(.text)
    lv_refr_init                             0x0800b7c1   Thumb Code     2  lv_refr.o(.text)
    lv_refr_get_disp_refreshing              0x0800b7c3   Thumb Code     6  lv_refr.o(.text)
    lv_disp_refr_task                        0x0800bd19   Thumb Code   344  lv_refr.o(.text)
    lv_refr_now                              0x0800be71   Thumb Code    46  lv_refr.o(.text)
    lv_inv_area                              0x0800be9f   Thumb Code   222  lv_refr.o(.text)
    lv_refr_set_disp_refreshing              0x0800bf7d   Thumb Code     6  lv_refr.o(.text)
    lv_style_copy                            0x0800c05d   Thumb Code    18  lv_style.o(.text)
    lv_style_init                            0x0800c06f   Thumb Code  1352  lv_style.o(.text)
    lv_style_mix                             0x0800c5b7   Thumb Code   954  lv_style.o(.text)
    lv_style_anim_init                       0x0800c9b1   Thumb Code    80  lv_style.o(.text)
    lv_style_anim_set_styles                 0x0800ca01   Thumb Code    52  lv_style.o(.text)
    lv_draw_get_buf                          0x0800ca45   Thumb Code    84  lv_draw.o(.text)
    lv_draw_free_buf                         0x0800ca99   Thumb Code    28  lv_draw.o(.text)
    lv_draw_aa_get_opa                       0x0800cab5   Thumb Code    48  lv_draw.o(.text)
    lv_draw_aa_ver_seg                       0x0800cae5   Thumb Code    92  lv_draw.o(.text)
    lv_draw_aa_hor_seg                       0x0800cb41   Thumb Code    92  lv_draw.o(.text)
    lv_draw_px                               0x0800cc25   Thumb Code   214  lv_draw_basic.o(.text)
    lv_draw_fill                             0x0800ce43   Thumb Code   156  lv_draw_basic.o(.text)
    lv_draw_letter                           0x0800cedf   Thumb Code   846  lv_draw_basic.o(.text)
    lv_draw_map                              0x0800d27d   Thumb Code   796  lv_draw_basic.o(.text)
    lv_img_color_format_has_alpha            0x0800d5a9   Thumb Code    56  lv_draw_img.o(.text)
    lv_img_color_format_is_chroma_keyed      0x0800d5e1   Thumb Code    44  lv_draw_img.o(.text)
    lv_draw_img                              0x0800d78d   Thumb Code   140  lv_draw_img.o(.text)
    lv_img_color_format_get_px_size          0x0800d819   Thumb Code    76  lv_draw_img.o(.text)
    lv_img_buf_get_px_color                  0x0800d865   Thumb Code   426  lv_draw_img.o(.text)
    lv_img_buf_get_px_alpha                  0x0800da0f   Thumb Code   362  lv_draw_img.o(.text)
    lv_img_buf_set_px_color                  0x0800db79   Thumb Code   378  lv_draw_img.o(.text)
    lv_img_buf_set_px_alpha                  0x0800dcf3   Thumb Code   320  lv_draw_img.o(.text)
    lv_img_buf_set_palette                   0x0800de33   Thumb Code   146  lv_draw_img.o(.text)
    lv_img_src_get_type                      0x0800dec5   Thumb Code    42  lv_draw_img.o(.text)
    lv_draw_label                            0x0800df4d   Thumb Code  1238  lv_draw_label.o(.text)
    lv_draw_rect                             0x080110b5   Thumb Code   144  lv_draw_rect.o(.text)
    lv_img_cache_open                        0x0801116d   Thumb Code   290  lv_img_cache.o(.text)
    lv_img_cache_invalidate_src              0x0801128f   Thumb Code    94  lv_img_cache.o(.text)
    lv_img_cache_set_size                    0x080112ed   Thumb Code   122  lv_img_cache.o(.text)
    lv_img_decoder_built_in_close            0x08011375   Thumb Code    32  lv_img_decoder.o(.text)
    lv_img_decoder_set_close_cb              0x08011395   Thumb Code     4  lv_img_decoder.o(.text)
    lv_img_decoder_built_in_read_line        0x080116af   Thumb Code   200  lv_img_decoder.o(.text)
    lv_img_decoder_set_read_line_cb          0x08011777   Thumb Code     4  lv_img_decoder.o(.text)
    lv_img_decoder_built_in_open             0x0801177b   Thumb Code   294  lv_img_decoder.o(.text)
    lv_img_decoder_set_open_cb               0x080118a1   Thumb Code     4  lv_img_decoder.o(.text)
    lv_img_decoder_built_in_info             0x080118a5   Thumb Code   148  lv_img_decoder.o(.text)
    lv_img_decoder_set_info_cb               0x08011939   Thumb Code     4  lv_img_decoder.o(.text)
    lv_img_decoder_create                    0x0801193d   Thumb Code    36  lv_img_decoder.o(.text)
    lv_img_decoder_init                      0x08011961   Thumb Code    70  lv_img_decoder.o(.text)
    lv_img_decoder_get_info                  0x080119a7   Thumb Code    74  lv_img_decoder.o(.text)
    lv_img_decoder_open                      0x080119f1   Thumb Code   128  lv_img_decoder.o(.text)
    lv_img_decoder_read_line                 0x08011a71   Thumb Code    52  lv_img_decoder.o(.text)
    lv_img_decoder_close                     0x08011aa5   Thumb Code    24  lv_img_decoder.o(.text)
    lv_img_decoder_delete                    0x08011abd   Thumb Code    20  lv_img_decoder.o(.text)
    lv_font_get_glyph_bitmap                 0x08011ad5   Thumb Code    16  lv_font.o(.text)
    lv_font_get_glyph_dsc                    0x08011ae5   Thumb Code    30  lv_font.o(.text)
    lv_font_get_glyph_width                  0x08011b03   Thumb Code    38  lv_font.o(.text)
    lv_font_get_bitmap_fmt_txt               0x08011cc9   Thumb Code    52  lv_font_fmt_txt.o(.text)
    lv_font_get_glyph_dsc_fmt_txt            0x08011e0b   Thumb Code   132  lv_font_fmt_txt.o(.text)
    lv_disp_drv_init                         0x08011e9d   Thumb Code    68  lv_hal_disp.o(.text)
    lv_disp_buf_init                         0x08011ee1   Thumb Code    34  lv_hal_disp.o(.text)
    lv_disp_drv_register                     0x08011f03   Thumb Code   184  lv_hal_disp.o(.text)
    lv_disp_get_default                      0x08011fbb   Thumb Code     6  lv_hal_disp.o(.text)
    lv_disp_get_ver_res                      0x08011fc1   Thumb Code    40  lv_hal_disp.o(.text)
    lv_disp_get_hor_res                      0x08011fe9   Thumb Code    40  lv_hal_disp.o(.text)
    lv_disp_drv_update                       0x08012011   Thumb Code    76  lv_hal_disp.o(.text)
    lv_disp_set_default                      0x0801205d   Thumb Code     6  lv_hal_disp.o(.text)
    lv_disp_remove                           0x08012063   Thumb Code    82  lv_hal_disp.o(.text)
    lv_disp_get_antialiasing                 0x080120b5   Thumb Code    26  lv_hal_disp.o(.text)
    lv_disp_flush_ready                      0x080120cf   Thumb Code    14  lv_hal_disp.o(.text)
    lv_disp_get_next                         0x080120dd   Thumb Code    24  lv_hal_disp.o(.text)
    lv_disp_get_buf                          0x080120f5   Thumb Code     6  lv_hal_disp.o(.text)
    lv_disp_get_inv_buf_size                 0x080120fb   Thumb Code    12  lv_hal_disp.o(.text)
    lv_disp_pop_from_inv_buf                 0x08012107   Thumb Code    36  lv_hal_disp.o(.text)
    lv_disp_is_double_buf                    0x0801212b   Thumb Code    22  lv_hal_disp.o(.text)
    lv_disp_is_true_double_buf               0x08012141   Thumb Code    40  lv_hal_disp.o(.text)
    lv_indev_drv_init                        0x0801217d   Thumb Code    36  lv_hal_indev.o(.text)
    lv_indev_drv_register                    0x080121a1   Thumb Code   100  lv_hal_indev.o(.text)
    lv_indev_drv_update                      0x08012205   Thumb Code    18  lv_hal_indev.o(.text)
    lv_indev_get_next                        0x08012217   Thumb Code    24  lv_hal_indev.o(.text)
    lv_indev_read                            0x0801222f   Thumb Code    62  lv_hal_indev.o(.text)
    lv_tick_inc                              0x08012275   Thumb Code    18  lv_hal_tick.o(.text)
    lv_tick_get                              0x08012287   Thumb Code    22  lv_hal_tick.o(.text)
    lv_tick_elaps                            0x0801229d   Thumb Code    26  lv_hal_tick.o(.text)
    lv_anim_core_init                        0x0801242f   Thumb Code    32  lv_anim.o(.text)
    lv_anim_path_linear                      0x0801244f   Thumb Code    52  lv_anim.o(.text)
    lv_anim_init                             0x08012483   Thumb Code    34  lv_anim.o(.text)
    lv_anim_del                              0x080124a5   Thumb Code    80  lv_anim.o(.text)
    lv_anim_create                           0x080124f5   Thumb Code    80  lv_anim.o(.text)
    lv_anim_count_running                    0x08012545   Thumb Code    40  lv_anim.o(.text)
    lv_anim_speed_to_time                    0x0801256d   Thumb Code    48  lv_anim.o(.text)
    lv_anim_path_ease_in                     0x0801259d   Thumb Code    72  lv_anim.o(.text)
    lv_anim_path_ease_out                    0x080125e5   Thumb Code    72  lv_anim.o(.text)
    lv_anim_path_ease_in_out                 0x0801262d   Thumb Code    74  lv_anim.o(.text)
    lv_anim_path_overshoot                   0x08012677   Thumb Code    76  lv_anim.o(.text)
    lv_anim_path_bounce                      0x080126c3   Thumb Code   256  lv_anim.o(.text)
    lv_anim_path_step                        0x080127c3   Thumb Code    24  lv_anim.o(.text)
    lv_area_set                              0x080127db   Thumb Code    14  lv_area.o(.text)
    lv_area_set_width                        0x080127e9   Thumb Code    12  lv_area.o(.text)
    lv_area_set_height                       0x080127f5   Thumb Code    12  lv_area.o(.text)
    lv_area_set_pos                          0x08012801   Thumb Code    58  lv_area.o(.text)
    lv_area_get_size                         0x0801283b   Thumb Code    34  lv_area.o(.text)
    lv_area_intersect                        0x0801285d   Thumb Code   130  lv_area.o(.text)
    lv_area_join                             0x080128df   Thumb Code   100  lv_area.o(.text)
    lv_area_is_point_on                      0x08012943   Thumb Code    58  lv_area.o(.text)
    lv_area_is_on                            0x0801297d   Thumb Code    58  lv_area.o(.text)
    lv_area_is_in                            0x080129b7   Thumb Code    58  lv_area.o(.text)
    lv_async_call                            0x08012a05   Thumb Code    66  lv_async.o(.text)
    lv_circ_init                             0x08012a4d   Thumb Code    16  lv_circ.o(.text)
    lv_circ_cont                             0x08012a5d   Thumb Code    22  lv_circ.o(.text)
    lv_circ_next                             0x08012a73   Thumb Code    60  lv_circ.o(.text)
    lv_ll_init                               0x08012aaf   Thumb Code    22  lv_ll.o(.text)
    lv_ll_ins_head                           0x08012b21   Thumb Code    64  lv_ll.o(.text)
    lv_ll_get_prev                           0x08012b61   Thumb Code    20  lv_ll.o(.text)
    lv_ll_get_head                           0x08012b75   Thumb Code    10  lv_ll.o(.text)
    lv_ll_ins_prev                           0x08012b7f   Thumb Code   114  lv_ll.o(.text)
    lv_ll_ins_tail                           0x08012bf1   Thumb Code    70  lv_ll.o(.text)
    lv_ll_get_next                           0x08012c37   Thumb Code    22  lv_ll.o(.text)
    lv_ll_get_tail                           0x08012c4d   Thumb Code    10  lv_ll.o(.text)
    lv_ll_rem                                0x08012c57   Thumb Code   138  lv_ll.o(.text)
    lv_ll_clear                              0x08012ce1   Thumb Code    48  lv_ll.o(.text)
    lv_ll_chg_list                           0x08012d11   Thumb Code   112  lv_ll.o(.text)
    lv_ll_get_len                            0x08012d81   Thumb Code    36  lv_ll.o(.text)
    lv_ll_swap                               0x08012da5   Thumb Code     2  lv_ll.o(.text)
    lv_ll_move_before                        0x08012da7   Thumb Code   106  lv_ll.o(.text)
    lv_ll_is_empty                           0x08012e11   Thumb Code    24  lv_ll.o(.text)
    lv_trigo_sin                             0x08012e29   Thumb Code   106  lv_math.o(.text)
    lv_bezier3                               0x08012e93   Thumb Code    94  lv_math.o(.text)
    lv_mem_init                              0x08012ef5   Thumb Code    32  lv_mem.o(.text)
    lv_mem_alloc                             0x08012fbb   Thumb Code    70  lv_mem.o(.text)
    lv_mem_get_size                          0x08013001   Thumb Code    26  lv_mem.o(.text)
    lv_mem_free                              0x0801301b   Thumb Code   110  lv_mem.o(.text)
    lv_mem_realloc                           0x08013089   Thumb Code   108  lv_mem.o(.text)
    lv_mem_defrag                            0x080130f5   Thumb Code   110  lv_mem.o(.text)
    lv_mem_monitor                           0x08013163   Thumb Code   132  lv_mem.o(.text)
    lv_task_enable                           0x080131f5   Thumb Code     6  lv_task.o(.text)
    lv_task_core_init                        0x080131fb   Thumb Code    18  lv_task.o(.text)
    lv_task_del                              0x0801320d   Thumb Code    34  lv_task.o(.text)
    lv_task_handler                          0x08013277   Thumb Code   330  lv_task.o(.text)
    lv_task_create_basic                     0x080133c1   Thumb Code   156  lv_task.o(.text)
    lv_task_set_prio                         0x0801345d   Thumb Code    94  lv_task.o(.text)
    lv_task_set_period                       0x080134bb   Thumb Code     4  lv_task.o(.text)
    lv_task_set_cb                           0x080134bf   Thumb Code     4  lv_task.o(.text)
    lv_task_create                           0x080134c3   Thumb Code    62  lv_task.o(.text)
    lv_task_ready                            0x08013501   Thumb Code    18  lv_task.o(.text)
    lv_task_once                             0x08013513   Thumb Code    12  lv_task.o(.text)
    lv_task_reset                            0x0801351f   Thumb Code    12  lv_task.o(.text)
    lv_task_get_idle                         0x0801352b   Thumb Code     6  lv_task.o(.text)
    lv_txt_is_cmd                            0x08013559   Thumb Code    66  lv_txt.o(.text)
    lv_txt_get_width                         0x0801359b   Thumb Code   140  lv_txt.o(.text)
    lv_txt_get_next_line                     0x08013627   Thumb Code   272  lv_txt.o(.text)
    lv_txt_get_size                          0x08013737   Thumb Code   204  lv_txt.o(.text)
    lv_txt_ins                               0x08013803   Thumb Code    74  lv_txt.o(.text)
    lv_txt_cut                               0x0801384d   Thumb Code    66  lv_txt.o(.text)
    lv_utils_num_to_str                      0x08013bdd   Thumb Code   128  lv_utils.o(.text)
    lv_utils_bsearch                         0x08013c5d   Thumb Code    84  lv_utils.o(.text)
    lv_label_get_text                        0x08013d3d   Thumb Code    16  lv_label.o(.text)
    lv_label_get_letter_on                   0x08013d4d   Thumb Code   394  lv_label.o(.text)
    lv_label_set_static_text                 0x080142f9   Thumb Code    58  lv_label.o(.text)
    lv_label_set_text                        0x08014333   Thumb Code   152  lv_label.o(.text)
    lv_label_get_align                       0x080143cb   Thumb Code    20  lv_label.o(.text)
    lv_label_set_align                       0x080143df   Thumb Code    44  lv_label.o(.text)
    lv_label_get_body_draw                   0x0801440b   Thumb Code    20  lv_label.o(.text)
    lv_label_set_body_draw                   0x0801441f   Thumb Code    50  lv_label.o(.text)
    lv_label_get_recolor                     0x08014451   Thumb Code    20  lv_label.o(.text)
    lv_label_set_recolor                     0x08014465   Thumb Code    44  lv_label.o(.text)
    lv_label_get_long_mode                   0x08014491   Thumb Code    20  lv_label.o(.text)
    lv_label_set_long_mode                   0x08014535   Thumb Code   128  lv_label.o(.text)
    lv_label_get_text_sel_end                0x0801470d   Thumb Code     8  lv_label.o(.text)
    lv_label_get_text_sel_start              0x08014715   Thumb Code     8  lv_label.o(.text)
    lv_label_create                          0x0801497d   Thumb Code   480  lv_label.o(.text)
    lv_label_set_array_text                  0x08014b5d   Thumb Code   120  lv_label.o(.text)
    lv_label_set_anim_speed                  0x08014bd5   Thumb Code    54  lv_label.o(.text)
    lv_label_set_text_sel_start              0x08014c0b   Thumb Code     2  lv_label.o(.text)
    lv_label_set_text_sel_end                0x08014c0d   Thumb Code     2  lv_label.o(.text)
    lv_label_get_anim_speed                  0x08014c0f   Thumb Code    16  lv_label.o(.text)
    lv_label_get_letter_pos                  0x08014c1f   Thumb Code   408  lv_label.o(.text)
    lv_label_is_char_under_pos               0x08014db7   Thumb Code   448  lv_label.o(.text)
    lv_label_ins_text                        0x08014f77   Thumb Code   120  lv_label.o(.text)
    lv_label_cut_text                        0x08014fef   Thumb Code    64  lv_label.o(.text)
    lv_theme_set_current                     0x0801505d   Thumb Code    40  lv_theme.o(.text)
    lv_theme_get_current                     0x08015085   Thumb Code     6  lv_theme.o(.text)
    lv_port_disp_init                        0x080150b7   Thumb Code    60  lv_port_disp.o(.text)
    lv_port_indev_init                       0x08015155   Thumb Code    30  lv_port_indev.o(.text)
    test_start                               0x08015185   Thumb Code    46  test1.o(.text)
    __use_no_semihosting                     0x080151c9   Thumb Code     2  use_no_semi_2.o(.text)
    __2printf                                0x080151cd   Thumb Code    20  noretval__2printf.o(.text)
    __printf                                 0x080151e5   Thumb Code   104  __printf.o(.text)
    _printf_str                              0x0801524d   Thumb Code    82  _printf_str.o(.text)
    _printf_int_dec                          0x080152a1   Thumb Code   104  _printf_dec.o(.text)
    _printf_int_hex                          0x08015319   Thumb Code    84  _printf_hex_int.o(.text)
    _printf_longlong_hex                     0x08015319   Thumb Code     0  _printf_hex_int.o(.text)
    strcpy                                   0x08015371   Thumb Code    72  strcpy.o(.text)
    strlen                                   0x080153b9   Thumb Code    62  strlen.o(.text)
    __aeabi_memcpy                           0x080153f7   Thumb Code     0  rt_memcpy_v6.o(.text)
    __rt_memcpy                              0x080153f7   Thumb Code   138  rt_memcpy_v6.o(.text)
    _memcpy_lastbytes                        0x0801545d   Thumb Code     0  rt_memcpy_v6.o(.text)
    __aeabi_memcpy4                          0x08015481   Thumb Code     0  rt_memcpy_w.o(.text)
    __aeabi_memcpy8                          0x08015481   Thumb Code     0  rt_memcpy_w.o(.text)
    __rt_memcpy_w                            0x08015481   Thumb Code   100  rt_memcpy_w.o(.text)
    _memcpy_lastbytes_aligned                0x080154c9   Thumb Code     0  rt_memcpy_w.o(.text)
    __aeabi_memset                           0x080154e5   Thumb Code    16  aeabi_memset.o(.text)
    __aeabi_memclr                           0x080154f5   Thumb Code     0  rt_memclr.o(.text)
    __rt_memclr                              0x080154f5   Thumb Code    68  rt_memclr.o(.text)
    _memset                                  0x080154f9   Thumb Code     0  rt_memclr.o(.text)
    __aeabi_memclr4                          0x08015539   Thumb Code     0  rt_memclr_w.o(.text)
    __aeabi_memclr8                          0x08015539   Thumb Code     0  rt_memclr_w.o(.text)
    __rt_memclr_w                            0x08015539   Thumb Code    78  rt_memclr_w.o(.text)
    _memset_w                                0x0801553d   Thumb Code     0  rt_memclr_w.o(.text)
    strcmp                                   0x08015589   Thumb Code   128  strcmpv7m.o(.text)
    __use_two_region_memory                  0x08015609   Thumb Code     2  heapauxi.o(.text)
    __rt_heap_escrow$2region                 0x0801560b   Thumb Code     2  heapauxi.o(.text)
    __rt_heap_expand$2region                 0x0801560d   Thumb Code     2  heapauxi.o(.text)
    __I$use$semihosting                      0x0801560f   Thumb Code     0  use_no_semi.o(.text)
    __use_no_semihosting_swi                 0x0801560f   Thumb Code     2  use_no_semi.o(.text)
    __read_errno                             0x08015611   Thumb Code    10  _rserrno.o(.text)
    __set_errno                              0x0801561b   Thumb Code    12  _rserrno.o(.text)
    _printf_int_common                       0x08015627   Thumb Code   178  _printf_intcommon.o(.text)
    _printf_char_common                      0x080156e3   Thumb Code    32  _printf_char_common.o(.text)
    _printf_cs_common                        0x08015709   Thumb Code    20  _printf_char.o(.text)
    _printf_char                             0x0801571d   Thumb Code    16  _printf_char.o(.text)
    _printf_string                           0x0801572d   Thumb Code     8  _printf_char.o(.text)
    _printf_char_file                        0x08015735   Thumb Code    32  _printf_char_file.o(.text)
    __aeabi_errno_addr                       0x08015759   Thumb Code     8  rt_errno_addr_intlibspace.o(.text)
    __errno$intlibspace                      0x08015759   Thumb Code     0  rt_errno_addr_intlibspace.o(.text)
    __rt_errno_addr$intlibspace              0x08015759   Thumb Code     0  rt_errno_addr_intlibspace.o(.text)
    ferror                                   0x08015761   Thumb Code     8  ferror.o(.text)
    __user_libspace                          0x08015769   Thumb Code     8  libspace.o(.text)
    __user_perproc_libspace                  0x08015769   Thumb Code     0  libspace.o(.text)
    __user_perthread_libspace                0x08015769   Thumb Code     0  libspace.o(.text)
    __user_setup_stackheap                   0x08015771   Thumb Code    74  sys_stackheap_outer.o(.text)
    exit                                     0x080157bb   Thumb Code    18  exit.o(.text)
    sqrt                                     0x080157cd   Thumb Code    76  sqrt.o(i.sqrt)
    __aeabi_dadd                             0x08015819   Thumb Code     0  daddsub_clz.o(x$fpl$dadd)
    _dadd                                    0x08015819   Thumb Code   332  daddsub_clz.o(x$fpl$dadd)
    __fpl_dcmp_Inf                           0x08015969   Thumb Code    24  dcmpi.o(x$fpl$dcmpinf)
    __aeabi_d2uiz                            0x08015981   Thumb Code     0  dfixu.o(x$fpl$dfixu)
    _dfixu                                   0x08015981   Thumb Code    90  dfixu.o(x$fpl$dfixu)
    __aeabi_i2d                              0x080159db   Thumb Code     0  dflt_clz.o(x$fpl$dflt)
    _dflt                                    0x080159db   Thumb Code    46  dflt_clz.o(x$fpl$dflt)
    __aeabi_ui2d                             0x08015a09   Thumb Code     0  dflt_clz.o(x$fpl$dfltu)
    _dfltu                                   0x08015a09   Thumb Code    38  dflt_clz.o(x$fpl$dfltu)
    __aeabi_cdcmple                          0x08015a31   Thumb Code     0  dleqf.o(x$fpl$dleqf)
    _dcmple                                  0x08015a31   Thumb Code   120  dleqf.o(x$fpl$dleqf)
    __fpl_dcmple_InfNaN                      0x08015a93   Thumb Code     0  dleqf.o(x$fpl$dleqf)
    __aeabi_dmul                             0x08015aa9   Thumb Code     0  dmul.o(x$fpl$dmul)
    _dmul                                    0x08015aa9   Thumb Code   332  dmul.o(x$fpl$dmul)
    __fpl_dnaninf                            0x08015bfd   Thumb Code   156  dnaninf.o(x$fpl$dnaninf)
    __fpl_dretinf                            0x08015c99   Thumb Code    12  dretinf.o(x$fpl$dretinf)
    __aeabi_cdrcmple                         0x08015ca5   Thumb Code     0  drleqf.o(x$fpl$drleqf)
    _drcmple                                 0x08015ca5   Thumb Code   108  drleqf.o(x$fpl$drleqf)
    __aeabi_drsub                            0x08015d11   Thumb Code     0  daddsub_clz.o(x$fpl$drsb)
    _drsb                                    0x08015d11   Thumb Code    22  daddsub_clz.o(x$fpl$drsb)
    _dsqrt                                   0x08015d29   Thumb Code   456  dsqrt_noumaal.o(x$fpl$dsqrt)
    __aeabi_dsub                             0x08015ef5   Thumb Code     0  daddsub_clz.o(x$fpl$dsub)
    _dsub                                    0x08015ef5   Thumb Code   464  daddsub_clz.o(x$fpl$dsub)
    __aeabi_f2d                              0x080160c9   Thumb Code     0  f2d.o(x$fpl$f2d)
    _f2d                                     0x080160c9   Thumb Code    86  f2d.o(x$fpl$f2d)
    __aeabi_fadd                             0x08016121   Thumb Code     0  faddsub_clz.o(x$fpl$fadd)
    _fadd                                    0x08016121   Thumb Code   196  faddsub_clz.o(x$fpl$fadd)
    __aeabi_fdiv                             0x080161e5   Thumb Code     0  fdiv.o(x$fpl$fdiv)
    _fdiv                                    0x080161e5   Thumb Code   384  fdiv.o(x$fpl$fdiv)
    __aeabi_f2iz                             0x08016369   Thumb Code     0  ffix.o(x$fpl$ffix)
    _ffix                                    0x08016369   Thumb Code    54  ffix.o(x$fpl$ffix)
    __aeabi_f2uiz                            0x080163a1   Thumb Code     0  ffixu.o(x$fpl$ffixu)
    _ffixu                                   0x080163a1   Thumb Code    62  ffixu.o(x$fpl$ffixu)
    __aeabi_i2f                              0x080163e1   Thumb Code     0  fflt_clz.o(x$fpl$fflt)
    _fflt                                    0x080163e1   Thumb Code    48  fflt_clz.o(x$fpl$fflt)
    __aeabi_ui2f                             0x08016411   Thumb Code     0  fflt_clz.o(x$fpl$ffltu)
    _ffltu                                   0x08016411   Thumb Code    38  fflt_clz.o(x$fpl$ffltu)
    __aeabi_fmul                             0x08016439   Thumb Code     0  fmul.o(x$fpl$fmul)
    _fmul                                    0x08016439   Thumb Code   258  fmul.o(x$fpl$fmul)
    __fpl_fnaninf                            0x0801653b   Thumb Code   140  fnaninf.o(x$fpl$fnaninf)
    __fpl_fretinf                            0x080165c7   Thumb Code    10  fretinf.o(x$fpl$fretinf)
    __aeabi_fsub                             0x080165d1   Thumb Code     0  faddsub_clz.o(x$fpl$fsub)
    _fsub                                    0x080165d1   Thumb Code   234  faddsub_clz.o(x$fpl$fsub)
    __I$use$fp                               0x080166ba   Number         0  usenofp.o(x$fpl$usenofp)
    asc2_1206                                0x080166ba   Data        1140  lcd.o(.constdata)
    asc2_1608                                0x08016b2e   Data        1520  lcd.o(.constdata)
    asc2_2412                                0x0801711e   Data        3420  lcd.o(.constdata)
    TP_REMIND_MSG_TBL                        0x08017e7c   Data           4  touch.o(.constdata)
    OTT_TPX_TBL                              0x08017e80   Data          10  ott2001a.o(.constdata)
    FT5206_TPX_TBL                           0x08017e8a   Data          10  ft5206.o(.constdata)
    GT911_TPX_TBL                            0x08017e94   Data          10  ft5206.o(.constdata)
    GT9147_CFG_TBL                           0x08017e9e   Data         184  gt9147.o(.constdata)
    GT9147_TPX_TBL                           0x08017f56   Data          10  gt9147.o(.constdata)
    Region$$Table$$Base                      0x0801aef0   Number         0  anon$$obj.o(Region$$Table)
    Region$$Table$$Limit                     0x0801af10   Number         0  anon$$obj.o(Region$$Table)
    SystemCoreClock                          0x20000000   Data           4  system_stm32f10x.o(.data)
    AHBPrescTable                            0x20000004   Data          16  system_stm32f10x.o(.data)
    POINT_COLOR                              0x20000016   Data           2  lcd.o(.data)
    BACK_COLOR                               0x20000018   Data           2  lcd.o(.data)
    tp_dev                                   0x2000001c   Data          52  touch.o(.data)
    CMD_RDX                                  0x20000050   Data           1  touch.o(.data)
    CMD_RDY                                  0x20000051   Data           1  touch.o(.data)
    CIP                                      0x20000053   Data           5  ft5206.o(.data)
    g_gt_tnum                                0x20000058   Data           1  ft5206.o(.data)
    __stdout                                 0x20000060   Data           4  usart.o(.data)
    USART_RX_STA                             0x20000064   Data           2  usart.o(.data)
    lv_font_roboto_16                        0x200000dc   Data          16  lv_font_roboto_16.o(.data)
    _lv_img_cache_array                      0x20000100   Data           4  lv_gc.o(.data)
    _lv_task_act                             0x20000104   Data           4  lv_gc.o(.data)
    _lv_draw_buf                             0x20000108   Data           4  lv_gc.o(.data)
    lv_txt_encoded_size                      0x20000128   Data           4  lv_txt.o(.data)
    lv_txt_unicode_to_encoded                0x2000012c   Data           4  lv_txt.o(.data)
    lv_txt_encoded_conv_wc                   0x20000130   Data           4  lv_txt.o(.data)
    lv_txt_encoded_next                      0x20000134   Data           4  lv_txt.o(.data)
    lv_txt_encoded_prev                      0x20000138   Data           4  lv_txt.o(.data)
    lv_txt_encoded_get_byte_id               0x2000013c   Data           4  lv_txt.o(.data)
    lv_encoded_get_char_id                   0x20000140   Data           4  lv_txt.o(.data)
    lv_txt_get_encoded_length                0x20000144   Data           4  lv_txt.o(.data)
    lcddev                                   0x20000154   Data          14  lcd.o(.bss)
    USART_RX_BUF                             0x20000162   Data         200  usart.o(.bss)
    lv_style_scr                             0x2000022c   Data          60  lv_style.o(.bss)
    lv_style_transp                          0x20000268   Data          60  lv_style.o(.bss)
    lv_style_transp_fit                      0x200002a4   Data          60  lv_style.o(.bss)
    lv_style_transp_tight                    0x200002e0   Data          60  lv_style.o(.bss)
    lv_style_plain                           0x2000031c   Data          60  lv_style.o(.bss)
    lv_style_plain_color                     0x20000358   Data          60  lv_style.o(.bss)
    lv_style_pretty                          0x20000394   Data          60  lv_style.o(.bss)
    lv_style_pretty_color                    0x200003d0   Data          60  lv_style.o(.bss)
    lv_style_btn_rel                         0x2000040c   Data          60  lv_style.o(.bss)
    lv_style_btn_pr                          0x20000448   Data          60  lv_style.o(.bss)
    lv_style_btn_tgl_rel                     0x20000484   Data          60  lv_style.o(.bss)
    lv_style_btn_tgl_pr                      0x200004c0   Data          60  lv_style.o(.bss)
    lv_style_btn_ina                         0x200004fc   Data          60  lv_style.o(.bss)
    _lv_task_ll                              0x20000538   Data          12  lv_gc.o(.bss)
    _lv_disp_ll                              0x20000544   Data          12  lv_gc.o(.bss)
    _lv_indev_ll                             0x20000550   Data          12  lv_gc.o(.bss)
    _lv_drv_ll                               0x2000055c   Data          12  lv_gc.o(.bss)
    _lv_file_ll                              0x20000568   Data          12  lv_gc.o(.bss)
    _lv_anim_ll                              0x20000574   Data          12  lv_gc.o(.bss)
    _lv_group_ll                             0x20000580   Data          12  lv_gc.o(.bss)
    _lv_img_defoder_ll                       0x2000058c   Data          12  lv_gc.o(.bss)
    __libspace_start                         0x200045b4   Data          96  libspace.o(.bss)
    __temporary_stack_top$libspace           0x20004614   Data           0  libspace.o(.bss)



==============================================================================

Memory Map of the image

  Image Entry point : 0x08000131

  Load Region LR_IROM1 (Base: 0x08000000, Size: 0x0001b064, Max: 0x00080000, ABSOLUTE, COMPRESSED[0x0001af9c])

    Execution Region ER_IROM1 (Base: 0x08000000, Size: 0x0001af10, Max: 0x00080000, ABSOLUTE)

    Base Addr    Size         Type   Attr      Idx    E Section Name        Object

    0x08000000   0x00000130   Data   RO           45    RESET               startup_stm32f10x_hd.o
    0x08000130   0x00000008   Code   RO          285  * !!!main             c_w.l(__main.o)
    0x08000138   0x00000034   Code   RO          459    !!!scatter          c_w.l(__scatter.o)
    0x0800016c   0x0000005a   Code   RO          458    !!dczerorl2         c_w.l(__dczerorl2.o)
    0x080001c6   0x00000002   PAD
    0x080001c8   0x0000001c   Code   RO          460    !!handler_zi        c_w.l(__scatter_zi.o)
    0x080001e4   0x00000000   Code   RO          275    .ARM.Collect$$_printf_percent$$00000000  c_w.l(_printf_percent.o)
    0x080001e4   0x00000006   Code   RO          274    .ARM.Collect$$_printf_percent$$00000009  c_w.l(_printf_d.o)
    0x080001ea   0x00000006   Code   RO          273    .ARM.Collect$$_printf_percent$$0000000C  c_w.l(_printf_x.o)
    0x080001f0   0x00000006   Code   RO          272    .ARM.Collect$$_printf_percent$$00000014  c_w.l(_printf_s.o)
    0x080001f6   0x00000004   Code   RO          323    .ARM.Collect$$_printf_percent$$00000017  c_w.l(_printf_percent_end.o)
    0x080001fa   0x00000002   Code   RO          359    .ARM.Collect$$libinit$$00000000  c_w.l(libinit.o)
    0x080001fc   0x00000000   Code   RO          363    .ARM.Collect$$libinit$$00000002  c_w.l(libinit2.o)
    0x080001fc   0x00000000   Code   RO          365    .ARM.Collect$$libinit$$00000004  c_w.l(libinit2.o)
    0x080001fc   0x00000000   Code   RO          368    .ARM.Collect$$libinit$$0000000A  c_w.l(libinit2.o)
    0x080001fc   0x00000000   Code   RO          370    .ARM.Collect$$libinit$$0000000C  c_w.l(libinit2.o)
    0x080001fc   0x00000000   Code   RO          372    .ARM.Collect$$libinit$$0000000E  c_w.l(libinit2.o)
    0x080001fc   0x00000000   Code   RO          375    .ARM.Collect$$libinit$$00000011  c_w.l(libinit2.o)
    0x080001fc   0x00000000   Code   RO          377    .ARM.Collect$$libinit$$00000013  c_w.l(libinit2.o)
    0x080001fc   0x00000000   Code   RO          379    .ARM.Collect$$libinit$$00000015  c_w.l(libinit2.o)
    0x080001fc   0x00000000   Code   RO          381    .ARM.Collect$$libinit$$00000017  c_w.l(libinit2.o)
    0x080001fc   0x00000000   Code   RO          383    .ARM.Collect$$libinit$$00000019  c_w.l(libinit2.o)
    0x080001fc   0x00000000   Code   RO          385    .ARM.Collect$$libinit$$0000001B  c_w.l(libinit2.o)
    0x080001fc   0x00000000   Code   RO          387    .ARM.Collect$$libinit$$0000001D  c_w.l(libinit2.o)
    0x080001fc   0x00000000   Code   RO          389    .ARM.Collect$$libinit$$0000001F  c_w.l(libinit2.o)
    0x080001fc   0x00000000   Code   RO          391    .ARM.Collect$$libinit$$00000021  c_w.l(libinit2.o)
    0x080001fc   0x00000000   Code   RO          393    .ARM.Collect$$libinit$$00000023  c_w.l(libinit2.o)
    0x080001fc   0x00000000   Code   RO          395    .ARM.Collect$$libinit$$00000025  c_w.l(libinit2.o)
    0x080001fc   0x00000000   Code   RO          399    .ARM.Collect$$libinit$$0000002C  c_w.l(libinit2.o)
    0x080001fc   0x00000000   Code   RO          401    .ARM.Collect$$libinit$$0000002E  c_w.l(libinit2.o)
    0x080001fc   0x00000000   Code   RO          403    .ARM.Collect$$libinit$$00000030  c_w.l(libinit2.o)
    0x080001fc   0x00000000   Code   RO          405    .ARM.Collect$$libinit$$00000032  c_w.l(libinit2.o)
    0x080001fc   0x00000002   Code   RO          406    .ARM.Collect$$libinit$$00000033  c_w.l(libinit2.o)
    0x080001fe   0x00000002   Code   RO          419    .ARM.Collect$$libshutdown$$00000000  c_w.l(libshutdown.o)
    0x08000200   0x00000000   Code   RO          425    .ARM.Collect$$libshutdown$$00000002  c_w.l(libshutdown2.o)
    0x08000200   0x00000000   Code   RO          427    .ARM.Collect$$libshutdown$$00000004  c_w.l(libshutdown2.o)
    0x08000200   0x00000000   Code   RO          430    .ARM.Collect$$libshutdown$$00000007  c_w.l(libshutdown2.o)
    0x08000200   0x00000000   Code   RO          433    .ARM.Collect$$libshutdown$$0000000A  c_w.l(libshutdown2.o)
    0x08000200   0x00000000   Code   RO          435    .ARM.Collect$$libshutdown$$0000000C  c_w.l(libshutdown2.o)
    0x08000200   0x00000000   Code   RO          438    .ARM.Collect$$libshutdown$$0000000F  c_w.l(libshutdown2.o)
    0x08000200   0x00000002   Code   RO          439    .ARM.Collect$$libshutdown$$00000010  c_w.l(libshutdown2.o)
    0x08000202   0x00000000   Code   RO          316    .ARM.Collect$$rtentry$$00000000  c_w.l(__rtentry.o)
    0x08000202   0x00000000   Code   RO          332    .ARM.Collect$$rtentry$$00000002  c_w.l(__rtentry2.o)
    0x08000202   0x00000006   Code   RO          344    .ARM.Collect$$rtentry$$00000004  c_w.l(__rtentry4.o)
    0x08000208   0x00000000   Code   RO          334    .ARM.Collect$$rtentry$$00000009  c_w.l(__rtentry2.o)
    0x08000208   0x00000004   Code   RO          335    .ARM.Collect$$rtentry$$0000000A  c_w.l(__rtentry2.o)
    0x0800020c   0x00000000   Code   RO          337    .ARM.Collect$$rtentry$$0000000C  c_w.l(__rtentry2.o)
    0x0800020c   0x00000008   Code   RO          338    .ARM.Collect$$rtentry$$0000000D  c_w.l(__rtentry2.o)
    0x08000214   0x00000002   Code   RO          360    .ARM.Collect$$rtexit$$00000000  c_w.l(rtexit.o)
    0x08000216   0x00000000   Code   RO          408    .ARM.Collect$$rtexit$$00000002  c_w.l(rtexit2.o)
    0x08000216   0x00000004   Code   RO          409    .ARM.Collect$$rtexit$$00000003  c_w.l(rtexit2.o)
    0x0800021a   0x00000006   Code   RO          410    .ARM.Collect$$rtexit$$00000004  c_w.l(rtexit2.o)
    0x08000220   0x0000005c   Code   RO            1    .text               main.o
    0x0800027c   0x0000001a   Code   RO            2    .text               stm32f10x_it.o
    0x08000296   0x00000002   PAD
    0x08000298   0x000001e0   Code   RO            3    .text               system_stm32f10x.o
    0x08000478   0x0000004c   Code   RO            5    .text               led.o
    0x080004c4   0x000000fc   Code   RO            6    .text               key.o
    0x080005c0   0x0000344c   Code   RO            8    .text               lcd.o
    0x08003a0c   0x0000026c   Code   RO           12    .text               myiic.o
    0x08003c78   0x0000017a   Code   RO           13    .text               24cxx.o
    0x08003df2   0x00000002   PAD
    0x08003df4   0x00000fb4   Code   RO           18    .text               touch.o
    0x08004da8   0x00000284   Code   RO           22    .text               ctiic.o
    0x0800502c   0x0000036c   Code   RO           23    .text               ott2001a.o
    0x08005398   0x00000580   Code   RO           26    .text               ft5206.o
    0x08005918   0x00000458   Code   RO           29    .text               gt9147.o
    0x08005d70   0x00000080   Code   RO           32    .text               timer.o
    0x08005df0   0x00000118   Code   RO           33    .text               sram.o
    0x08005f08   0x00000038   Code   RO           34    .text               beep.o
    0x08005f40   0x000000d4   Code   RO           35    .text               delay.o
    0x08006014   0x00000140   Code   RO           39    .text               usart.o
    0x08006154   0x00000040   Code   RO           46    .text               startup_stm32f10x_hd.o
    0x08006194   0x000000dc   Code   RO           47    .text               misc.o
    0x08006270   0x0000060c   Code   RO           48    .text               stm32f10x_fsmc.o
    0x0800687c   0x0000035c   Code   RO           49    .text               stm32f10x_gpio.o
    0x08006bd8   0x000003a4   Code   RO           50    .text               stm32f10x_rcc.o
    0x08006f7c   0x00000408   Code   RO           53    .text               stm32f10x_usart.o
    0x08007384   0x00000e1a   Code   RO           54    .text               stm32f10x_tim.o
    0x0800819e   0x00000112   Code   RO           55    .text               lv_disp.o
    0x080082b0   0x00000880   Code   RO           56    .text               lv_group.o
    0x08008b30   0x0000142c   Code   RO           58    .text               lv_indev.o
    0x08009f5c   0x00001864   Code   RO           60    .text               lv_obj.o
    0x0800b7c0   0x000007f0   Code   RO           62    .text               lv_refr.o
    0x0800bfb0   0x00000a94   Code   RO           64    .text               lv_style.o
    0x0800ca44   0x00000164   Code   RO           67    .text               lv_draw.o
    0x0800cba8   0x000009fe   Code   RO           71    .text               lv_draw_basic.o
    0x0800d5a6   0x00000002   PAD
    0x0800d5a8   0x00000954   Code   RO           72    .text               lv_draw_img.o
    0x0800defc   0x00000544   Code   RO           73    .text               lv_draw_label.o
    0x0800e440   0x00002d2a   Code   RO           75    .text               lv_draw_rect.o
    0x0801116a   0x00000002   PAD
    0x0801116c   0x00000208   Code   RO           78    .text               lv_img_cache.o
    0x08011374   0x00000760   Code   RO           80    .text               lv_img_decoder.o
    0x08011ad4   0x00000054   Code   RO           81    .text               lv_font.o
    0x08011b28   0x00000374   Code   RO           82    .text               lv_font_fmt_txt.o
    0x08011e9c   0x000002e0   Code   RO           85    .text               lv_hal_disp.o
    0x0801217c   0x000000f8   Code   RO           88    .text               lv_hal_indev.o
    0x08012274   0x0000004c   Code   RO           89    .text               lv_hal_tick.o
    0x080122c0   0x0000051a   Code   RO           91    .text               lv_anim.o
    0x080127da   0x00000216   Code   RO           93    .text               lv_area.o
    0x080129f0   0x0000005c   Code   RO           94    .text               lv_async.o
    0x08012a4c   0x00000062   Code   RO           95    .text               lv_circ.o
    0x08012aae   0x0000037a   Code   RO           99    .text               lv_ll.o
    0x08012e28   0x000000cc   Code   RO          100    .text               lv_math.o
    0x08012ef4   0x00000300   Code   RO          102    .text               lv_mem.o
    0x080131f4   0x00000364   Code   RO          105    .text               lv_task.o
    0x08013558   0x00000684   Code   RO          107    .text               lv_txt.o
    0x08013bdc   0x000000d4   Code   RO          109    .text               lv_utils.o
    0x08013cb0   0x000013ac   Code   RO          144    .text               lv_label.o
    0x0801505c   0x00000034   Code   RO          179    .text               lv_theme.o
    0x08015090   0x00000078   Code   RO          185    .text               lv_port_disp.o
    0x08015108   0x0000007c   Code   RO          188    .text               lv_port_indev.o
    0x08015184   0x00000044   Code   RO          234    .text               test1.o
    0x080151c8   0x00000002   Code   RO          237    .text               c_w.l(use_no_semi_2.o)
    0x080151ca   0x00000002   PAD
    0x080151cc   0x00000018   Code   RO          240    .text               c_w.l(noretval__2printf.o)
    0x080151e4   0x00000068   Code   RO          242    .text               c_w.l(__printf.o)
    0x0801524c   0x00000052   Code   RO          243    .text               c_w.l(_printf_str.o)
    0x0801529e   0x00000002   PAD
    0x080152a0   0x00000078   Code   RO          244    .text               c_w.l(_printf_dec.o)
    0x08015318   0x00000058   Code   RO          247    .text               c_w.l(_printf_hex_int.o)
    0x08015370   0x00000048   Code   RO          276    .text               c_w.l(strcpy.o)
    0x080153b8   0x0000003e   Code   RO          277    .text               c_w.l(strlen.o)
    0x080153f6   0x0000008a   Code   RO          278    .text               c_w.l(rt_memcpy_v6.o)
    0x08015480   0x00000064   Code   RO          279    .text               c_w.l(rt_memcpy_w.o)
    0x080154e4   0x00000010   Code   RO          280    .text               c_w.l(aeabi_memset.o)
    0x080154f4   0x00000044   Code   RO          281    .text               c_w.l(rt_memclr.o)
    0x08015538   0x0000004e   Code   RO          282    .text               c_w.l(rt_memclr_w.o)
    0x08015586   0x00000002   PAD
    0x08015588   0x00000080   Code   RO          283    .text               c_w.l(strcmpv7m.o)
    0x08015608   0x00000006   Code   RO          284    .text               c_w.l(heapauxi.o)
    0x0801560e   0x00000002   Code   RO          315    .text               c_w.l(use_no_semi.o)
    0x08015610   0x00000016   Code   RO          317    .text               c_w.l(_rserrno.o)
    0x08015626   0x000000b2   Code   RO          318    .text               c_w.l(_printf_intcommon.o)
    0x080156d8   0x00000030   Code   RO          319    .text               c_w.l(_printf_char_common.o)
    0x08015708   0x0000002c   Code   RO          321    .text               c_w.l(_printf_char.o)
    0x08015734   0x00000024   Code   RO          322    .text               c_w.l(_printf_char_file.o)
    0x08015758   0x00000008   Code   RO          348    .text               c_w.l(rt_errno_addr_intlibspace.o)
    0x08015760   0x00000008   Code   RO          350    .text               c_w.l(ferror.o)
    0x08015768   0x00000008   Code   RO          352    .text               c_w.l(libspace.o)
    0x08015770   0x0000004a   Code   RO          354    .text               c_w.l(sys_stackheap_outer.o)
    0x080157ba   0x00000012   Code   RO          355    .text               c_w.l(exit.o)
    0x080157cc   0x0000004c   Code   RO          312    i.sqrt              m_ws.l(sqrt.o)
    0x08015818   0x00000150   Code   RO          286    x$fpl$dadd          fz_ws.l(daddsub_clz.o)
    0x08015968   0x00000018   Code   RO          324    x$fpl$dcmpinf       fz_ws.l(dcmpi.o)
    0x08015980   0x0000005a   Code   RO          289    x$fpl$dfixu         fz_ws.l(dfixu.o)
    0x080159da   0x0000002e   Code   RO          292    x$fpl$dflt          fz_ws.l(dflt_clz.o)
    0x08015a08   0x00000026   Code   RO          291    x$fpl$dfltu         fz_ws.l(dflt_clz.o)
    0x08015a2e   0x00000002   PAD
    0x08015a30   0x00000078   Code   RO          294    x$fpl$dleqf         fz_ws.l(dleqf.o)
    0x08015aa8   0x00000154   Code   RO          295    x$fpl$dmul          fz_ws.l(dmul.o)
    0x08015bfc   0x0000009c   Code   RO          325    x$fpl$dnaninf       fz_ws.l(dnaninf.o)
    0x08015c98   0x0000000c   Code   RO          326    x$fpl$dretinf       fz_ws.l(dretinf.o)
    0x08015ca4   0x0000006c   Code   RO          296    x$fpl$drleqf        fz_ws.l(drleqf.o)
    0x08015d10   0x00000016   Code   RO          287    x$fpl$drsb          fz_ws.l(daddsub_clz.o)
    0x08015d26   0x00000002   PAD
    0x08015d28   0x000001cc   Code   RO          327    x$fpl$dsqrt         fz_ws.l(dsqrt_noumaal.o)
    0x08015ef4   0x000001d4   Code   RO          288    x$fpl$dsub          fz_ws.l(daddsub_clz.o)
    0x080160c8   0x00000056   Code   RO          297    x$fpl$f2d           fz_ws.l(f2d.o)
    0x0801611e   0x00000002   PAD
    0x08016120   0x000000c4   Code   RO          298    x$fpl$fadd          fz_ws.l(faddsub_clz.o)
    0x080161e4   0x00000184   Code   RO          302    x$fpl$fdiv          fz_ws.l(fdiv.o)
    0x08016368   0x00000036   Code   RO          303    x$fpl$ffix          fz_ws.l(ffix.o)
    0x0801639e   0x00000002   PAD
    0x080163a0   0x0000003e   Code   RO          305    x$fpl$ffixu         fz_ws.l(ffixu.o)
    0x080163de   0x00000002   PAD
    0x080163e0   0x00000030   Code   RO          308    x$fpl$fflt          fz_ws.l(fflt_clz.o)
    0x08016410   0x00000026   Code   RO          307    x$fpl$ffltu         fz_ws.l(fflt_clz.o)
    0x08016436   0x00000002   PAD
    0x08016438   0x00000102   Code   RO          310    x$fpl$fmul          fz_ws.l(fmul.o)
    0x0801653a   0x0000008c   Code   RO          328    x$fpl$fnaninf       fz_ws.l(fnaninf.o)
    0x080165c6   0x0000000a   Code   RO          329    x$fpl$fretinf       fz_ws.l(fretinf.o)
    0x080165d0   0x000000ea   Code   RO          300    x$fpl$fsub          fz_ws.l(faddsub_clz.o)
    0x080166ba   0x00000000   Code   RO          330    x$fpl$usenofp       fz_ws.l(usenofp.o)
    0x080166ba   0x000017c0   Data   RO           10    .constdata          lcd.o
    0x08017e7a   0x00000002   PAD
    0x08017e7c   0x00000004   Data   RO           19    .constdata          touch.o
    0x08017e80   0x0000000a   Data   RO           24    .constdata          ott2001a.o
    0x08017e8a   0x00000014   Data   RO           27    .constdata          ft5206.o
    0x08017e9e   0x000000c2   Data   RO           30    .constdata          gt9147.o
    0x08017f60   0x0000002e   Data   RO           57    .constdata          lv_group.o
    0x08017f8e   0x00000002   PAD
    0x08017f90   0x00000016   Data   RO           66    .constdata          lv_style.o
    0x08017fa6   0x00000024   Data   RO           68    .constdata          lv_draw.o
    0x08017fca   0x00000011   Data   RO           76    .constdata          lv_draw_rect.o
    0x08017fdb   0x00000001   PAD
    0x08017fdc   0x00002db8   Data   RO           83    .constdata          lv_font_roboto_16.o
    0x0801ad94   0x00000002   Data   RO           86    .constdata          lv_hal_disp.o
    0x0801ad96   0x000000b6   Data   RO          101    .constdata          lv_math.o
    0x0801ae4c   0x00000028   Data   RO          248    .constdata          c_w.l(_printf_hex_int.o)
    0x0801ae74   0x00000079   Data   RO           20    .conststring        touch.o
    0x0801aeed   0x00000003   PAD
    0x0801aef0   0x00000020   Data   RO          456    Region$$Table       anon$$obj.o


    Execution Region RW_IRAM1 (Base: 0x20000000, Size: 0x00005018, Max: 0x00010000, ABSOLUTE, COMPRESSED[0x0000008c])

    Base Addr    Size         Type   Attr      Idx    E Section Name        Object

    0x20000000   0x00000014   Data   RW            4    .data               system_stm32f10x.o
    0x20000014   0x00000001   Data   RW            7    .data               key.o
    0x20000015   0x00000001   PAD
    0x20000016   0x00000004   Data   RW           11    .data               lcd.o
    0x2000001a   0x00000002   PAD
    0x2000001c   0x00000036   Data   RW           21    .data               touch.o
    0x20000052   0x00000001   Data   RW           25    .data               ott2001a.o
    0x20000053   0x00000007   Data   RW           28    .data               ft5206.o
    0x2000005a   0x00000001   Data   RW           31    .data               gt9147.o
    0x2000005b   0x00000001   PAD
    0x2000005c   0x00000004   Data   RW           36    .data               delay.o
    0x20000060   0x00000006   Data   RW           41    .data               usart.o
    0x20000066   0x00000014   Data   RW           51    .data               stm32f10x_rcc.o
    0x2000007a   0x00000002   PAD
    0x2000007c   0x00000008   Data   RW           59    .data               lv_indev.o
    0x20000084   0x0000000c   Data   RW           61    .data               lv_obj.o
    0x20000090   0x00000008   Data   RW           63    .data               lv_refr.o
    0x20000098   0x00000024   Data   RW           69    .data               lv_draw.o
    0x200000bc   0x00000002   Data   RW           79    .data               lv_img_cache.o
    0x200000be   0x00000002   PAD
    0x200000c0   0x0000002c   Data   RW           84    .data               lv_font_roboto_16.o
    0x200000ec   0x00000004   Data   RW           87    .data               lv_hal_disp.o
    0x200000f0   0x00000005   Data   RW           90    .data               lv_hal_tick.o
    0x200000f5   0x00000003   PAD
    0x200000f8   0x00000005   Data   RW           92    .data               lv_anim.o
    0x200000fd   0x00000003   PAD
    0x20000100   0x0000000c   Data   RW           98    .data               lv_gc.o
    0x2000010c   0x00000008   Data   RW          104    .data               lv_mem.o
    0x20000114   0x00000014   Data   RW          106    .data               lv_task.o
    0x20000128   0x00000020   Data   RW          108    .data               lv_txt.o
    0x20000148   0x00000004   Data   RW          145    .data               lv_label.o
    0x2000014c   0x00000004   Data   RW          180    .data               lv_theme.o
    0x20000150   0x00000004   Data   RW          189    .data               lv_port_indev.o
    0x20000154   0x0000000e   Zero   RW            9    .bss                lcd.o
    0x20000162   0x000000c8   Zero   RW           40    .bss                usart.o
    0x2000022a   0x00000002   PAD
    0x2000022c   0x0000030c   Zero   RW           65    .bss                lv_style.o
    0x20000538   0x00000060   Zero   RW           97    .bss                lv_gc.o
    0x20000598   0x00004000   Zero   RW          103    .bss                lv_mem.o
    0x20004598   0x0000001c   Zero   RW          187    .bss                lv_port_disp.o
    0x200045b4   0x00000060   Zero   RW          353    .bss                c_w.l(libspace.o)
    0x20004614   0x00000004   PAD
    0x20004618   0x00000200   Zero   RW           44    HEAP                startup_stm32f10x_hd.o
    0x20004818   0x00000800   Zero   RW           43    STACK               startup_stm32f10x_hd.o



  Load Region LR$$.ARM.__AT_0x68000000 (Base: 0x68000000, Size: 0x00000000, Max: 0x000bb800, ABSOLUTE)

    Execution Region ER$$.ARM.__AT_0x68000000 (Base: 0x68000000, Size: 0x000bb800, Max: 0x000bb800, ABSOLUTE, UNINIT)

    Base Addr    Size         Type   Attr      Idx    E Section Name        Object

    0x68000000   0x000bb800   Zero   RW          186    .ARM.__AT_0x68000000  lv_port_disp.o


==============================================================================

Image component sizes


      Code (inc. data)   RO Data    RW Data    ZI Data      Debug   Object Name

       378          0          0          0          0          0   24cxx.o
        56          6          0          0          0          0   beep.o
       644         24          0          0          0          0   ctiic.o
       212         18          0          4          0          0   delay.o
      1408         76         20          7          0          0   ft5206.o
      1112         74        194          1          0          0   gt9147.o
       252         12          0          1          0          0   key.o
     13388        124       6080          4         14          0   lcd.o
        76          8          0          0          0          0   led.o
      1306         18          0          5          0          0   lv_anim.o
       534          0          0          0          0          0   lv_area.o
        92          6          0          0          0          0   lv_async.o
        98          0          0          0          0          0   lv_circ.o
       274          0          0          0          0          0   lv_disp.o
       356         12         36         36          0          0   lv_draw.o
      2558         24          0          0          0          0   lv_draw_basic.o
      2388         58          0          0          0          0   lv_draw_img.o
      1348         22          0          0          0          0   lv_draw_label.o
     11562         16         17          0          0          0   lv_draw_rect.o
        84          0          0          0          0          0   lv_font.o
       884         14          0          0          0          0   lv_font_fmt_txt.o
         0          0      11704         44          0          0   lv_font_roboto_16.o
         0          0          0         12         96          0   lv_gc.o
      2176         36         46          0          0          0   lv_group.o
       736         20          2          4          0          0   lv_hal_disp.o
       248          8          0          0          0          0   lv_hal_indev.o
        76         10          0          5          0          0   lv_hal_tick.o
       520         14          0          2          0          0   lv_img_cache.o
      1888         28          0          0          0          0   lv_img_decoder.o
      5164         36          0          8          0          0   lv_indev.o
      5036        108          0          4          0          0   lv_label.o
       890          0          0          0          0          0   lv_ll.o
       204          4        182          0          0          0   lv_math.o
       768         14          0          8      16384          0   lv_mem.o
      6244        106          0         12          0          0   lv_obj.o
       120         22          0          0     768028          0   lv_port_disp.o
       124         18          0          4          0          0   lv_port_indev.o
      2032         14          0          8          0          0   lv_refr.o
      2708         84         22          0        780          0   lv_style.o
       868         40          0         20          0          0   lv_task.o
        52          6          0          4          0          0   lv_theme.o
      1668         36          0         32          0          0   lv_txt.o
       212          0          0          0          0          0   lv_utils.o
        92          4          0          0          0          0   main.o
       220         22          0          0          0          0   misc.o
       620         14          0          0          0          0   myiic.o
       876         56         10          1          0          0   ott2001a.o
       280         16          0          0          0          0   sram.o
        64         26        304          0       2560          0   startup_stm32f10x_hd.o
      1548         18          0          0          0          0   stm32f10x_fsmc.o
       860         38          0          0          0          0   stm32f10x_gpio.o
        26          0          0          0          0          0   stm32f10x_it.o
       932         36          0         20          0          0   stm32f10x_rcc.o
      3610         88          0          0          0          0   stm32f10x_tim.o
      1032         22          0          0          0          0   stm32f10x_usart.o
       480         38          0         20          0          0   system_stm32f10x.o
        68         22          0          0          0          0   test1.o
       128          6          0          0          0          0   timer.o
      4020        222        125         54          0          0   touch.o
       320         18          0          6        200          0   usart.o

    ----------------------------------------------------------------------
     85928       1762      18782        340     788064          0   Object Totals
         0          0         32          0          0          0   (incl. Generated)
         8          0          8         14          2          0   (incl. Padding)

    ----------------------------------------------------------------------

      Code (inc. data)   RO Data    RW Data    ZI Data      Debug   Library Member Name

        90          0          0          0          0          0   __dczerorl2.o
         8          0          0          0          0          0   __main.o
       104          0          0          0          0          0   __printf.o
         0          0          0          0          0          0   __rtentry.o
        12          0          0          0          0          0   __rtentry2.o
         6          0          0          0          0          0   __rtentry4.o
        52          8          0          0          0          0   __scatter.o
        28          0          0          0          0          0   __scatter_zi.o
        44          0          0          0          0          0   _printf_char.o
        48          6          0          0          0          0   _printf_char_common.o
        36          4          0          0          0          0   _printf_char_file.o
         6          0          0          0          0          0   _printf_d.o
       120         16          0          0          0          0   _printf_dec.o
        88          4         40          0          0          0   _printf_hex_int.o
       178          0          0          0          0          0   _printf_intcommon.o
         0          0          0          0          0          0   _printf_percent.o
         4          0          0          0          0          0   _printf_percent_end.o
         6          0          0          0          0          0   _printf_s.o
        82          0          0          0          0          0   _printf_str.o
         6          0          0          0          0          0   _printf_x.o
        22          0          0          0          0          0   _rserrno.o
        16          0          0          0          0          0   aeabi_memset.o
        18          0          0          0          0          0   exit.o
         8          0          0          0          0          0   ferror.o
         6          0          0          0          0          0   heapauxi.o
         2          0          0          0          0          0   libinit.o
         2          0          0          0          0          0   libinit2.o
         2          0          0          0          0          0   libshutdown.o
         2          0          0          0          0          0   libshutdown2.o
         8          4          0          0         96          0   libspace.o
        24          4          0          0          0          0   noretval__2printf.o
         8          4          0          0          0          0   rt_errno_addr_intlibspace.o
        68          0          0          0          0          0   rt_memclr.o
        78          0          0          0          0          0   rt_memclr_w.o
       138          0          0          0          0          0   rt_memcpy_v6.o
       100          0          0          0          0          0   rt_memcpy_w.o
         2          0          0          0          0          0   rtexit.o
        10          0          0          0          0          0   rtexit2.o
       128          0          0          0          0          0   strcmpv7m.o
        72          0          0          0          0          0   strcpy.o
        62          0          0          0          0          0   strlen.o
        74          0          0          0          0          0   sys_stackheap_outer.o
         2          0          0          0          0          0   use_no_semi.o
         2          0          0          0          0          0   use_no_semi_2.o
       826         16          0          0          0          0   daddsub_clz.o
        24          0          0          0          0          0   dcmpi.o
        90          4          0          0          0          0   dfixu.o
        84          0          0          0          0          0   dflt_clz.o
       120          4          0          0          0          0   dleqf.o
       340         12          0          0          0          0   dmul.o
       156          4          0          0          0          0   dnaninf.o
        12          0          0          0          0          0   dretinf.o
       108          0          0          0          0          0   drleqf.o
       460         56          0          0          0          0   dsqrt_noumaal.o
        86          4          0          0          0          0   f2d.o
       430          8          0          0          0          0   faddsub_clz.o
       388         76          0          0          0          0   fdiv.o
        54          4          0          0          0          0   ffix.o
        62          4          0          0          0          0   ffixu.o
        86          0          0          0          0          0   fflt_clz.o
       258          4          0          0          0          0   fmul.o
       140          4          0          0          0          0   fnaninf.o
        10          0          0          0          0          0   fretinf.o
         0          0          0          0          0          0   usenofp.o
        76          0          0          0          0          0   sqrt.o

    ----------------------------------------------------------------------
      5602        250         40          0        100          0   Library Totals
        20          0          0          0          4          0   (incl. Padding)

    ----------------------------------------------------------------------

      Code (inc. data)   RO Data    RW Data    ZI Data      Debug   Library Name

      1772         50         40          0         96          0   c_w.l
      3734        200          0          0          0          0   fz_ws.l
        76          0          0          0          0          0   m_ws.l

    ----------------------------------------------------------------------
      5602        250         40          0        100          0   Library Totals

    ----------------------------------------------------------------------

==============================================================================


      Code (inc. data)   RO Data    RW Data    ZI Data      Debug   

     91530       2012      18822        340     788164          0   Grand Totals
     91530       2012      18822        140     788164          0   ELF Image Totals (compressed)
     91530       2012      18822        140          0          0   ROM Totals

==============================================================================

    Total RO  Size (Code + RO Data)               110352 ( 107.77kB)
    Total RW  Size (RW Data + ZI Data)            788504 ( 770.02kB)
    Total ROM Size (Code + RO Data + RW Data)     110492 ( 107.90kB)

==============================================================================

